[2026-04-04T08:50:28.455Z] [INFO] Claim scheduler started
{
  "scanIntervalMs": 1800000,
  "startupDelayMs": 5000
}
---
[2026-04-04T08:50:33.838Z] [INFO] Claim scheduler run completed
{
  "checkedUsers": 14,
  "createdOrUpdatedClaims": 0,
  "skippedUsers": 12,
  "failedUsers": 0,
  "durationMs": 375
}
---
[2026-04-04T08:50:55.318Z] [ERROR] Not Found - /
{
  "statusCode": 404,
  "errorCode": "INTERNAL_SERVER_ERROR",
  "path": "/",
  "method": "GET",
  "ip": "::1",
  "stack": "Error: Not Found - /\n    at notFound (C:\\Users\\SHRAVYA\\Desktop\\Devtrails\\Devtrails\\server\\middleware\\errorMiddleware.js:9:8)\n    at Layer.handle [as handle_request] (C:\\Users\\SHRAVYA\\Desktop\\Devtrails\\Devtrails\\server\\node_modules\\express\\lib\\router\\layer.js:95:5)\n    at trim_prefix (C:\\Users\\SHRAVYA\\Desktop\\Devtrails\\Devtrails\\server\\node_modules\\express\\lib\\router\\index.js:328:13)\n    at C:\\Users\\SHRAVYA\\Desktop\\Devtrails\\Devtrails\\server\\node_modules\\express\\lib\\router\\index.js:286:9\n    at router.process_params (C:\\Users\\SHRAVYA\\Desktop\\Devtrails\\Devtrails\\server\\node_modules\\express\\lib\\router\\index.js:346:12)\n    at next (C:\\Users\\SHRAVYA\\Desktop\\Devtrails\\Devtrails\\server\\node_modules\\express\\lib\\router\\index.js:280:10)\n    at logger (C:\\Users\\SHRAVYA\\Desktop\\Devtrails\\Devtrails\\server\\node_modules\\morgan\\index.js:144:5)\n    at Layer.handle [as handle_request] (C:\\Users\\SHRAVYA\\Desktop\\Devtrails\\Devtrails\\server\\node_modules\\express\\lib\\router\\layer.js:95:5)\n    at trim_prefix (C:\\Users\\SHRAVYA\\Desktop\\Devtrails\\Devtrails\\server\\node_modules\\express\\lib\\router\\index.js:328:13)\n    at C:\\Users\\SHRAVYA\\Desktop\\Devtrails\\Devtrails\\server\\node_modules\\express\\lib\\router\\index.js:286:9"
}
---
[2026-04-04T08:50:55.488Z] [ERROR] Not Found - /favicon.ico
{
  "statusCode": 404,
  "errorCode": "INTERNAL_SERVER_ERROR",
  "path": "/favicon.ico",
  "method": "GET",
  "ip": "::1",
  "stack": "Error: Not Found - /favicon.ico\n    at notFound (C:\\Users\\SHRAVYA\\Desktop\\Devtrails\\Devtrails\\server\\middleware\\errorMiddleware.js:9:8)\n    at Layer.handle [as handle_request] (C:\\Users\\SHRAVYA\\Desktop\\Devtrails\\Devtrails\\server\\node_modules\\express\\lib\\router\\layer.js:95:5)\n    at trim_prefix (C:\\Users\\SHRAVYA\\Desktop\\Devtrails\\Devtrails\\server\\node_modules\\express\\lib\\router\\index.js:328:13)\n    at C:\\Users\\SHRAVYA\\Desktop\\Devtrails\\Devtrails\\server\\node_modules\\express\\lib\\router\\index.js:286:9\n    at router.process_params (C:\\Users\\SHRAVYA\\Desktop\\Devtrails\\Devtrails\\server\\node_modules\\express\\lib\\router\\index.js:346:12)\n    at next (C:\\Users\\SHRAVYA\\Desktop\\Devtrails\\Devtrails\\server\\node_modules\\express\\lib\\router\\index.js:280:10)\n    at logger (C:\\Users\\SHRAVYA\\Desktop\\Devtrails\\Devtrails\\server\\node_modules\\morgan\\index.js:144:5)\n    at Layer.handle [as handle_request] (C:\\Users\\SHRAVYA\\Desktop\\Devtrails\\Devtrails\\server\\node_modules\\express\\lib\\router\\layer.js:95:5)\n    at trim_prefix (C:\\Users\\SHRAVYA\\Desktop\\Devtrails\\Devtrails\\server\\node_modules\\express\\lib\\router\\index.js:328:13)\n    at C:\\Users\\SHRAVYA\\Desktop\\Devtrails\\Devtrails\\server\\node_modules\\express\\lib\\router\\index.js:286:9"
}
---
[2026-04-04T08:52:06.192Z] [ERROR] Not Found - /
{
  "statusCode": 404,
  "errorCode": "INTERNAL_SERVER_ERROR",
  "path": "/",
  "method": "GET",
  "ip": "::1",
  "stack": "Error: Not Found - /\n    at notFound (C:\\Users\\SHRAVYA\\Desktop\\Devtrails\\Devtrails\\server\\middleware\\errorMiddleware.js:9:8)\n    at Layer.handle [as handle_request] (C:\\Users\\SHRAVYA\\Desktop\\Devtrails\\Devtrails\\server\\node_modules\\express\\lib\\router\\layer.js:95:5)\n    at trim_prefix (C:\\Users\\SHRAVYA\\Desktop\\Devtrails\\Devtrails\\server\\node_modules\\express\\lib\\router\\index.js:328:13)\n    at C:\\Users\\SHRAVYA\\Desktop\\Devtrails\\Devtrails\\server\\node_modules\\express\\lib\\router\\index.js:286:9\n    at router.process_params (C:\\Users\\SHRAVYA\\Desktop\\Devtrails\\Devtrails\\server\\node_modules\\express\\lib\\router\\index.js:346:12)\n    at next (C:\\Users\\SHRAVYA\\Desktop\\Devtrails\\Devtrails\\server\\node_modules\\express\\lib\\router\\index.js:280:10)\n    at logger (C:\\Users\\SHRAVYA\\Desktop\\Devtrails\\Devtrails\\server\\node_modules\\morgan\\index.js:144:5)\n    at Layer.handle [as handle_request] (C:\\Users\\SHRAVYA\\Desktop\\Devtrails\\Devtrails\\server\\node_modules\\express\\lib\\router\\layer.js:95:5)\n    at trim_prefix (C:\\Users\\SHRAVYA\\Desktop\\Devtrails\\Devtrails\\server\\node_modules\\express\\lib\\router\\index.js:328:13)\n    at C:\\Users\\SHRAVYA\\Desktop\\Devtrails\\Devtrails\\server\\node_modules\\express\\lib\\router\\index.js:286:9"
}
---
[2026-04-04T08:52:58.349Z] [INFO] Claim scheduler started
{
  "scanIntervalMs": 1800000,
  "startupDelayMs": 5000
}
---
[2026-04-04T08:53:03.548Z] [INFO] Claim scheduler run completed
{
  "checkedUsers": 14,
  "createdOrUpdatedClaims": 0,
  "skippedUsers": 12,
  "failedUsers": 0,
  "durationMs": 189
}
---
[2026-04-04T08:53:04.024Z] [ERROR] Not Found - /
{
  "statusCode": 404,
  "errorCode": "INTERNAL_SERVER_ERROR",
  "path": "/",
  "method": "GET",
  "ip": "::1",
  "stack": "Error: Not Found - /\n    at notFound (C:\\Users\\SHRAVYA\\Desktop\\Devtrails\\Devtrails\\server\\middleware\\errorMiddleware.js:9:8)\n    at Layer.handle [as handle_request] (C:\\Users\\SHRAVYA\\Desktop\\Devtrails\\Devtrails\\server\\node_modules\\express\\lib\\router\\layer.js:95:5)\n    at trim_prefix (C:\\Users\\SHRAVYA\\Desktop\\Devtrails\\Devtrails\\server\\node_modules\\express\\lib\\router\\index.js:328:13)\n    at C:\\Users\\SHRAVYA\\Desktop\\Devtrails\\Devtrails\\server\\node_modules\\express\\lib\\router\\index.js:286:9\n    at router.process_params (C:\\Users\\SHRAVYA\\Desktop\\Devtrails\\Devtrails\\server\\node_modules\\express\\lib\\router\\index.js:346:12)\n    at next (C:\\Users\\SHRAVYA\\Desktop\\Devtrails\\Devtrails\\server\\node_modules\\express\\lib\\router\\index.js:280:10)\n    at logger (C:\\Users\\SHRAVYA\\Desktop\\Devtrails\\Devtrails\\server\\node_modules\\morgan\\index.js:144:5)\n    at Layer.handle [as handle_request] (C:\\Users\\SHRAVYA\\Desktop\\Devtrails\\Devtrails\\server\\node_modules\\express\\lib\\router\\layer.js:95:5)\n    at trim_prefix (C:\\Users\\SHRAVYA\\Desktop\\Devtrails\\Devtrails\\server\\node_modules\\express\\lib\\router\\index.js:328:13)\n    at C:\\Users\\SHRAVYA\\Desktop\\Devtrails\\Devtrails\\server\\node_modules\\express\\lib\\router\\index.js:286:9"
}
---
[2026-04-04T12:59:05.806Z] [INFO] Claim scheduler started
{
  "scanIntervalMs": 1800000,
  "startupDelayMs": 5000
}
---
[2026-04-04T12:59:10.995Z] [INFO] Claim scheduler run completed
{
  "checkedUsers": 14,
  "createdOrUpdatedClaims": 0,
  "skippedUsers": 12,
  "failedUsers": 0,
  "durationMs": 184
}
---
[2026-04-04T12:59:59.103Z] [ERROR] Invalid credentials
{
  "statusCode": 401,
  "errorCode": "INTERNAL_SERVER_ERROR",
  "path": "/api/auth/login",
  "method": "POST",
  "ip": "::1",
  "stack": "Error: Invalid credentials\n    at loginUser (C:\\Users\\SHRAVYA\\Desktop\\Devtrails\\Devtrails\\server\\services\\authService.js:76:19)\n    at process.processTicksAndRejections (node:internal/process/task_queues:103:5)\n    at async C:\\Users\\SHRAVYA\\Desktop\\Devtrails\\Devtrails\\server\\controllers\\authController.js:13:18"
}
---
[2026-04-04T13:00:23.266Z] [DEBUG] Fetching current weather from API
{
  "city": "Bangalore"
}
---
[2026-04-04T13:00:23.397Z] [INFO] Current weather fetched successfully
{
  "city": "Bangalore",
  "temp": 29.98,
  "condition": "Clouds"
}
---
[2026-04-04T13:00:23.607Z] [DEBUG] Weather cache hit
{
  "city": "Bangalore",
  "cached": true
}
---
[2026-04-04T13:00:23.616Z] [DEBUG] Weather cache hit
{
  "city": "Bangalore",
  "cached": true
}
---
[2026-04-04T13:00:23.812Z] [DEBUG] Weather cache hit
{
  "city": "Bangalore",
  "cached": true
}
---
[2026-04-04T13:00:29.273Z] [DEBUG] Claims retrieved
{
  "userId": "69d10b5eef86df87aaba7751",
  "count": 0
}
---
[2026-04-04T13:00:29.364Z] [DEBUG] Claims retrieved
{
  "userId": "69d10b5eef86df87aaba7751",
  "count": 0
}
---
[2026-04-04T13:00:33.308Z] [DEBUG] Claims retrieved
{
  "userId": "69d10b5eef86df87aaba7751",
  "count": 0
}
---
[2026-04-04T13:00:33.392Z] [DEBUG] Claims retrieved
{
  "userId": "69d10b5eef86df87aaba7751",
  "count": 0
}
---
[2026-04-04T13:00:41.080Z] [DEBUG] Weather cache hit
{
  "city": "Bangalore",
  "cached": true
}
---
[2026-04-04T13:00:41.233Z] [DEBUG] Weather cache hit
{
  "city": "Bangalore",
  "cached": true
}
---
[2026-04-04T13:00:41.243Z] [DEBUG] Weather cache hit
{
  "city": "Bangalore",
  "cached": true
}
---
[2026-04-04T13:00:41.389Z] [DEBUG] Weather cache hit
{
  "city": "Bangalore",
  "cached": true
}
---
[2026-04-04T13:01:41.470Z] [DEBUG] Weather cache hit
{
  "city": "Bangalore",
  "cached": true
}
---
[2026-04-04T13:01:41.670Z] [DEBUG] Weather cache hit
{
  "city": "Bangalore",
  "cached": true
}
---
[2026-04-04T13:02:41.460Z] [DEBUG] Weather cache hit
{
  "city": "Bangalore",
  "cached": true
}
---
[2026-04-04T13:02:41.606Z] [DEBUG] Weather cache hit
{
  "city": "Bangalore",
  "cached": true
}
---
[2026-04-04T13:03:41.518Z] [DEBUG] Weather cache hit
{
  "city": "Bangalore",
  "cached": true
}
---
[2026-04-04T13:03:41.719Z] [DEBUG] Weather cache hit
{
  "city": "Bangalore",
  "cached": true
}
---
[2026-04-04T13:04:15.756Z] [DEBUG] Claims retrieved
{
  "userId": "69d10b5eef86df87aaba7751",
  "count": 0
}
---
[2026-04-04T13:04:15.866Z] [DEBUG] Claims retrieved
{
  "userId": "69d10b5eef86df87aaba7751",
  "count": 0
}
---
[2026-04-04T13:04:18.751Z] [DEBUG] Claims retrieved
{
  "userId": "69d10b5eef86df87aaba7751",
  "count": 0
}
---
[2026-04-04T13:04:18.861Z] [DEBUG] Claims retrieved
{
  "userId": "69d10b5eef86df87aaba7751",
  "count": 0
}
---
[2026-04-04T13:06:21.297Z] [DEBUG] Weather cache hit
{
  "city": "Bangalore",
  "cached": true
}
---
[2026-04-04T13:06:21.488Z] [DEBUG] Weather cache hit
{
  "city": "Bangalore",
  "cached": true
}
---
[2026-04-04T13:06:21.501Z] [DEBUG] Weather cache hit
{
  "city": "Bangalore",
  "cached": true
}
---
[2026-04-04T13:06:21.693Z] [DEBUG] Weather cache hit
{
  "city": "Bangalore",
  "cached": true
}
---
[2026-04-04T13:06:23.108Z] [DEBUG] Claims retrieved
{
  "userId": "69d10b5eef86df87aaba7751",
  "count": 0
}
---
[2026-04-04T13:06:23.216Z] [DEBUG] Claims retrieved
{
  "userId": "69d10b5eef86df87aaba7751",
  "count": 0
}
---
[2026-04-04T13:06:27.013Z] [DEBUG] Claims retrieved
{
  "userId": "69d10b5eef86df87aaba7751",
  "count": 0
}
---
[2026-04-04T13:06:27.137Z] [DEBUG] Claims retrieved
{
  "userId": "69d10b5eef86df87aaba7751",
  "count": 0
}
---
[2026-04-04T13:10:37.532Z] [DEBUG] Fetching current weather from API
{
  "city": "Bangalore"
}
---
[2026-04-04T13:10:37.619Z] [INFO] Current weather fetched successfully
{
  "city": "Bangalore",
  "temp": 29.98,
  "condition": "Clouds"
}
---
[2026-04-04T13:10:37.785Z] [DEBUG] Weather cache hit
{
  "city": "Bangalore",
  "cached": true
}
---
[2026-04-04T13:10:37.815Z] [DEBUG] Weather cache hit
{
  "city": "Bangalore",
  "cached": true
}
---
[2026-04-04T13:10:38.045Z] [DEBUG] Weather cache hit
{
  "city": "Bangalore",
  "cached": true
}
---
[2026-04-04T13:10:40.321Z] [DEBUG] Claims retrieved
{
  "userId": "69d10b5eef86df87aaba7751",
  "count": 0
}
---
[2026-04-04T13:10:40.443Z] [DEBUG] Claims retrieved
{
  "userId": "69d10b5eef86df87aaba7751",
  "count": 0
}
---
[2026-04-04T13:12:03.497Z] [DEBUG] Weather cache hit
{
  "city": "Bangalore",
  "cached": true
}
---
[2026-04-04T13:12:03.692Z] [DEBUG] Weather cache hit
{
  "city": "Bangalore",
  "cached": true
}
---
[2026-04-04T13:12:03.724Z] [DEBUG] Weather cache hit
{
  "city": "Bangalore",
  "cached": true
}
---
[2026-04-04T13:12:03.891Z] [DEBUG] Weather cache hit
{
  "city": "Bangalore",
  "cached": true
}
---
[2026-04-04T13:12:06.056Z] [DEBUG] Claims retrieved
{
  "userId": "69d10b5eef86df87aaba7751",
  "count": 0
}
---
[2026-04-04T13:12:06.188Z] [DEBUG] Claims retrieved
{
  "userId": "69d10b5eef86df87aaba7751",
  "count": 0
}
---
[2026-04-04T13:12:35.457Z] [DEBUG] Weather cache hit
{
  "city": "Bangalore",
  "cached": true
}
---
[2026-04-04T13:12:35.627Z] [DEBUG] Weather cache hit
{
  "city": "Bangalore",
  "cached": true
}
---
[2026-04-04T13:12:35.674Z] [DEBUG] Weather cache hit
{
  "city": "Bangalore",
  "cached": true
}
---
[2026-04-04T13:12:35.841Z] [DEBUG] Weather cache hit
{
  "city": "Bangalore",
  "cached": true
}
---
[2026-04-04T13:12:44.542Z] [DEBUG] Claims retrieved
{
  "userId": "69d10b5eef86df87aaba7751",
  "count": 0
}
---
[2026-04-04T13:12:44.683Z] [DEBUG] Claims retrieved
{
  "userId": "69d10b5eef86df87aaba7751",
  "count": 0
}
---
[2026-04-04T13:12:47.503Z] [DEBUG] Claims retrieved
{
  "userId": "69d10b5eef86df87aaba7751",
  "count": 0
}
---
[2026-04-04T13:12:47.639Z] [DEBUG] Claims retrieved
{
  "userId": "69d10b5eef86df87aaba7751",
  "count": 0
}
---
[2026-04-04T13:12:50.352Z] [DEBUG] Claims retrieved
{
  "userId": "69d10b5eef86df87aaba7751",
  "count": 0
}
---
[2026-04-04T13:12:50.482Z] [DEBUG] Claims retrieved
{
  "userId": "69d10b5eef86df87aaba7751",
  "count": 0
}
---
[2026-04-04T13:13:09.533Z] [DEBUG] Weather cache hit
{
  "city": "Bangalore",
  "cached": true
}
---
[2026-04-04T13:13:09.727Z] [DEBUG] Weather cache hit
{
  "city": "Bangalore",
  "cached": true
}
---
[2026-04-04T13:13:09.759Z] [DEBUG] Weather cache hit
{
  "city": "Bangalore",
  "cached": true
}
---
[2026-04-04T13:13:09.919Z] [DEBUG] Weather cache hit
{
  "city": "Bangalore",
  "cached": true
}
---
[2026-04-04T13:15:35.295Z] [DEBUG] Weather cache hit
{
  "city": "Bangalore",
  "cached": true
}
---
[2026-04-04T13:15:35.440Z] [DEBUG] Weather cache hit
{
  "city": "Bangalore",
  "cached": true
}
---
[2026-04-04T13:15:35.484Z] [DEBUG] Weather cache hit
{
  "city": "Bangalore",
  "cached": true
}
---
[2026-04-04T13:15:35.632Z] [DEBUG] Weather cache hit
{
  "city": "Bangalore",
  "cached": true
}
---
[2026-04-04T13:16:44.166Z] [DEBUG] Weather cache hit
{
  "city": "Bangalore",
  "cached": true
}
---
[2026-04-04T13:16:44.336Z] [DEBUG] Weather cache hit
{
  "city": "Bangalore",
  "cached": true
}
---
[2026-04-04T13:16:44.365Z] [DEBUG] Weather cache hit
{
  "city": "Bangalore",
  "cached": true
}
---
[2026-04-04T13:16:44.507Z] [DEBUG] Weather cache hit
{
  "city": "Bangalore",
  "cached": true
}
---
[2026-04-04T13:26:41.094Z] [DEBUG] Fetching current weather from API
{
  "city": "Bangalore"
}
---
[2026-04-04T13:26:41.180Z] [INFO] Current weather fetched successfully
{
  "city": "Bangalore",
  "temp": 29.15,
  "condition": "Clouds"
}
---
[2026-04-04T13:26:41.375Z] [DEBUG] Weather cache hit
{
  "city": "Bangalore",
  "cached": true
}
---
[2026-04-04T13:26:41.397Z] [DEBUG] Weather cache hit
{
  "city": "Bangalore",
  "cached": true
}
---
[2026-04-04T13:26:41.640Z] [DEBUG] Weather cache hit
{
  "city": "Bangalore",
  "cached": true
}
---
[2026-04-04T13:29:06.026Z] [INFO] Claim scheduler run completed
{
  "checkedUsers": 14,
  "createdOrUpdatedClaims": 0,
  "skippedUsers": 12,
  "failedUsers": 0,
  "durationMs": 217
}
---
[2026-04-04T13:32:02.941Z] [DEBUG] Weather cache hit
{
  "city": "Bangalore",
  "cached": true
}
---
[2026-04-04T13:32:03.138Z] [DEBUG] Weather cache hit
{
  "city": "Bangalore",
  "cached": true
}
---
[2026-04-04T13:32:03.143Z] [DEBUG] Weather cache hit
{
  "city": "Bangalore",
  "cached": true
}
---
[2026-04-04T13:32:03.352Z] [DEBUG] Weather cache hit
{
  "city": "Bangalore",
  "cached": true
}
---
[2026-04-04T13:32:33.910Z] [DEBUG] Weather cache hit
{
  "city": "Bangalore",
  "cached": true
}
---
[2026-04-04T13:32:33.997Z] [ERROR] Profile incomplete
{
  "statusCode": 400,
  "errorCode": "PARTNER_PROFILE_INCOMPLETE",
  "userId": "69d10b5eef86df87aaba7751",
  "path": "/api/dashboard/summary",
  "method": "GET",
  "ip": "::1",
  "stack": "Error: Profile incomplete\n    at validateUserProfile (C:\\Users\\SHRAVYA\\Desktop\\Devtrails\\Devtrails\\server\\utils\\claimValidator.js:25:17)\n    at evaluateClaimEligibility (C:\\Users\\SHRAVYA\\Desktop\\Devtrails\\Devtrails\\server\\services\\claimService.js:172:16)\n    at process.processTicksAndRejections (node:internal/process/task_queues:103:5)\n    at async getDashboardSummary (C:\\Users\\SHRAVYA\\Desktop\\Devtrails\\Devtrails\\server\\controllers\\dashboardController.js:26:25)"
}
---
[2026-04-04T13:32:34.128Z] [DEBUG] Weather cache hit
{
  "city": "Bangalore",
  "cached": true
}
---
[2026-04-04T13:32:34.163Z] [DEBUG] Weather cache hit
{
  "city": "Bangalore",
  "cached": true
}
---
[2026-04-04T13:32:34.212Z] [ERROR] Profile incomplete
{
  "statusCode": 400,
  "errorCode": "PARTNER_PROFILE_INCOMPLETE",
  "userId": "69d10b5eef86df87aaba7751",
  "path": "/api/dashboard/summary",
  "method": "GET",
  "ip": "::1",
  "stack": "Error: Profile incomplete\n    at validateUserProfile (C:\\Users\\SHRAVYA\\Desktop\\Devtrails\\Devtrails\\server\\utils\\claimValidator.js:25:17)\n    at evaluateClaimEligibility (C:\\Users\\SHRAVYA\\Desktop\\Devtrails\\Devtrails\\server\\services\\claimService.js:172:16)\n    at process.processTicksAndRejections (node:internal/process/task_queues:103:5)\n    at async getDashboardSummary (C:\\Users\\SHRAVYA\\Desktop\\Devtrails\\Devtrails\\server\\controllers\\dashboardController.js:26:25)"
}
---
[2026-04-04T13:32:34.348Z] [DEBUG] Weather cache hit
{
  "city": "Bangalore",
  "cached": true
}
---
[2026-04-04T13:32:40.925Z] [DEBUG] Fetching current weather from API
{
  "city": "vijayawada"
}
---
[2026-04-04T13:32:40.933Z] [DEBUG] Fetching 5-day forecast from API
{
  "city": "vijayawada"
}
---
[2026-04-04T13:32:41.049Z] [INFO] Current weather fetched successfully
{
  "city": "vijayawada",
  "temp": 30.97,
  "condition": "Clouds"
}
---
[2026-04-04T13:32:41.074Z] [INFO] 5-day forecast fetched successfully
{
  "city": "vijayawada",
  "forecastItems": 40
}
---
[2026-04-04T13:32:45.222Z] [INFO] Claim auto request received
{
  "userId": "69d10b5eef86df87aaba7751",
  "ip": "::1",
  "timestamp": "2026-04-04T13:32:45.219Z"
}
---
[2026-04-04T13:32:45.266Z] [ERROR] Claim automation failed
{
  "userId": "69d10b5eef86df87aaba7751",
  "error": "Profile incomplete",
  "errorCode": "PARTNER_PROFILE_INCOMPLETE",
  "statusCode": 400
}
---
[2026-04-04T13:32:45.273Z] [ERROR] Profile incomplete
{
  "statusCode": 400,
  "errorCode": "PARTNER_PROFILE_INCOMPLETE",
  "userId": "69d10b5eef86df87aaba7751",
  "path": "/api/claim/auto",
  "method": "POST",
  "ip": "::1",
  "stack": "Error: Profile incomplete\n    at validateUserProfile (C:\\Users\\SHRAVYA\\Desktop\\Devtrails\\Devtrails\\server\\utils\\claimValidator.js:25:17)\n    at evaluateClaimEligibility (C:\\Users\\SHRAVYA\\Desktop\\Devtrails\\Devtrails\\server\\services\\claimService.js:172:16)\n    at process.processTicksAndRejections (node:internal/process/task_queues:103:5)\n    at async autoClaim (C:\\Users\\SHRAVYA\\Desktop\\Devtrails\\Devtrails\\server\\controllers\\claimController.js:28:20)"
}
---
[2026-04-04T13:32:45.322Z] [INFO] Claim auto request received
{
  "userId": "69d10b5eef86df87aaba7751",
  "ip": "::1",
  "timestamp": "2026-04-04T13:32:45.321Z"
}
---
[2026-04-04T13:32:45.365Z] [ERROR] Claim automation failed
{
  "userId": "69d10b5eef86df87aaba7751",
  "error": "Profile incomplete",
  "errorCode": "PARTNER_PROFILE_INCOMPLETE",
  "statusCode": 400
}
---
[2026-04-04T13:32:45.369Z] [ERROR] Profile incomplete
{
  "statusCode": 400,
  "errorCode": "PARTNER_PROFILE_INCOMPLETE",
  "userId": "69d10b5eef86df87aaba7751",
  "path": "/api/claim/auto",
  "method": "POST",
  "ip": "::1",
  "stack": "Error: Profile incomplete\n    at validateUserProfile (C:\\Users\\SHRAVYA\\Desktop\\Devtrails\\Devtrails\\server\\utils\\claimValidator.js:25:17)\n    at evaluateClaimEligibility (C:\\Users\\SHRAVYA\\Desktop\\Devtrails\\Devtrails\\server\\services\\claimService.js:172:16)\n    at process.processTicksAndRejections (node:internal/process/task_queues:103:5)\n    at async autoClaim (C:\\Users\\SHRAVYA\\Desktop\\Devtrails\\Devtrails\\server\\controllers\\claimController.js:28:20)"
}
---
[2026-04-04T13:32:48.309Z] [INFO] Claim auto request received
{
  "userId": "69d10b5eef86df87aaba7751",
  "ip": "::1",
  "timestamp": "2026-04-04T13:32:48.307Z"
}
---
[2026-04-04T13:32:48.364Z] [ERROR] Claim automation failed
{
  "userId": "69d10b5eef86df87aaba7751",
  "error": "Profile incomplete",
  "errorCode": "PARTNER_PROFILE_INCOMPLETE",
  "statusCode": 400
}
---
[2026-04-04T13:32:48.367Z] [ERROR] Profile incomplete
{
  "statusCode": 400,
  "errorCode": "PARTNER_PROFILE_INCOMPLETE",
  "userId": "69d10b5eef86df87aaba7751",
  "path": "/api/claim/auto",
  "method": "POST",
  "ip": "::1",
  "stack": "Error: Profile incomplete\n    at validateUserProfile (C:\\Users\\SHRAVYA\\Desktop\\Devtrails\\Devtrails\\server\\utils\\claimValidator.js:25:17)\n    at evaluateClaimEligibility (C:\\Users\\SHRAVYA\\Desktop\\Devtrails\\Devtrails\\server\\services\\claimService.js:172:16)\n    at process.processTicksAndRejections (node:internal/process/task_queues:103:5)\n    at async autoClaim (C:\\Users\\SHRAVYA\\Desktop\\Devtrails\\Devtrails\\server\\controllers\\claimController.js:28:20)"
}
---
[2026-04-04T13:32:48.399Z] [INFO] Claim auto request received
{
  "userId": "69d10b5eef86df87aaba7751",
  "ip": "::1",
  "timestamp": "2026-04-04T13:32:48.398Z"
}
---
[2026-04-04T13:32:48.445Z] [ERROR] Claim automation failed
{
  "userId": "69d10b5eef86df87aaba7751",
  "error": "Profile incomplete",
  "errorCode": "PARTNER_PROFILE_INCOMPLETE",
  "statusCode": 400
}
---
[2026-04-04T13:32:48.447Z] [ERROR] Profile incomplete
{
  "statusCode": 400,
  "errorCode": "PARTNER_PROFILE_INCOMPLETE",
  "userId": "69d10b5eef86df87aaba7751",
  "path": "/api/claim/auto",
  "method": "POST",
  "ip": "::1",
  "stack": "Error: Profile incomplete\n    at validateUserProfile (C:\\Users\\SHRAVYA\\Desktop\\Devtrails\\Devtrails\\server\\utils\\claimValidator.js:25:17)\n    at evaluateClaimEligibility (C:\\Users\\SHRAVYA\\Desktop\\Devtrails\\Devtrails\\server\\services\\claimService.js:172:16)\n    at process.processTicksAndRejections (node:internal/process/task_queues:103:5)\n    at async autoClaim (C:\\Users\\SHRAVYA\\Desktop\\Devtrails\\Devtrails\\server\\controllers\\claimController.js:28:20)"
}
---
[2026-04-04T13:32:52.283Z] [INFO] Claim auto request received
{
  "userId": "69d10b5eef86df87aaba7751",
  "ip": "::1",
  "timestamp": "2026-04-04T13:32:52.282Z"
}
---
[2026-04-04T13:32:52.339Z] [ERROR] Claim automation failed
{
  "userId": "69d10b5eef86df87aaba7751",
  "error": "Profile incomplete",
  "errorCode": "PARTNER_PROFILE_INCOMPLETE",
  "statusCode": 400
}
---
[2026-04-04T13:32:52.343Z] [ERROR] Profile incomplete
{
  "statusCode": 400,
  "errorCode": "PARTNER_PROFILE_INCOMPLETE",
  "userId": "69d10b5eef86df87aaba7751",
  "path": "/api/claim/auto",
  "method": "POST",
  "ip": "::1",
  "stack": "Error: Profile incomplete\n    at validateUserProfile (C:\\Users\\SHRAVYA\\Desktop\\Devtrails\\Devtrails\\server\\utils\\claimValidator.js:25:17)\n    at evaluateClaimEligibility (C:\\Users\\SHRAVYA\\Desktop\\Devtrails\\Devtrails\\server\\services\\claimService.js:172:16)\n    at process.processTicksAndRejections (node:internal/process/task_queues:103:5)\n    at async autoClaim (C:\\Users\\SHRAVYA\\Desktop\\Devtrails\\Devtrails\\server\\controllers\\claimController.js:28:20)"
}
---
[2026-04-04T13:33:06.899Z] [DEBUG] Weather cache hit
{
  "city": "Bangalore",
  "cached": true
}
---
[2026-04-04T13:33:07.023Z] [ERROR] Profile incomplete
{
  "statusCode": 400,
  "errorCode": "PARTNER_PROFILE_INCOMPLETE",
  "userId": "69d10b5eef86df87aaba7751",
  "path": "/api/dashboard/summary",
  "method": "GET",
  "ip": "::1",
  "stack": "Error: Profile incomplete\n    at validateUserProfile (C:\\Users\\SHRAVYA\\Desktop\\Devtrails\\Devtrails\\server\\utils\\claimValidator.js:25:17)\n    at evaluateClaimEligibility (C:\\Users\\SHRAVYA\\Desktop\\Devtrails\\Devtrails\\server\\services\\claimService.js:172:16)\n    at process.processTicksAndRejections (node:internal/process/task_queues:103:5)\n    at async getDashboardSummary (C:\\Users\\SHRAVYA\\Desktop\\Devtrails\\Devtrails\\server\\controllers\\dashboardController.js:26:25)"
}
---
[2026-04-04T13:33:07.195Z] [DEBUG] Weather cache hit
{
  "city": "Bangalore",
  "cached": true
}
---
[2026-04-04T13:33:07.234Z] [DEBUG] Weather cache hit
{
  "city": "Bangalore",
  "cached": true
}
---
[2026-04-04T13:33:07.290Z] [ERROR] Profile incomplete
{
  "statusCode": 400,
  "errorCode": "PARTNER_PROFILE_INCOMPLETE",
  "userId": "69d10b5eef86df87aaba7751",
  "path": "/api/dashboard/summary",
  "method": "GET",
  "ip": "::1",
  "stack": "Error: Profile incomplete\n    at validateUserProfile (C:\\Users\\SHRAVYA\\Desktop\\Devtrails\\Devtrails\\server\\utils\\claimValidator.js:25:17)\n    at evaluateClaimEligibility (C:\\Users\\SHRAVYA\\Desktop\\Devtrails\\Devtrails\\server\\services\\claimService.js:172:16)\n    at process.processTicksAndRejections (node:internal/process/task_queues:103:5)\n    at async getDashboardSummary (C:\\Users\\SHRAVYA\\Desktop\\Devtrails\\Devtrails\\server\\controllers\\dashboardController.js:26:25)"
}
---
[2026-04-04T13:33:07.526Z] [DEBUG] Weather cache hit
{
  "city": "Bangalore",
  "cached": true
}
---
[2026-04-04T13:33:16.358Z] [DEBUG] Weather cache hit
{
  "city": "Bangalore",
  "cached": true
}
---
[2026-04-04T13:33:16.446Z] [ERROR] Profile incomplete
{
  "statusCode": 400,
  "errorCode": "PARTNER_PROFILE_INCOMPLETE",
  "userId": "69d10b5eef86df87aaba7751",
  "path": "/api/dashboard/summary",
  "method": "GET",
  "ip": "::1",
  "stack": "Error: Profile incomplete\n    at validateUserProfile (C:\\Users\\SHRAVYA\\Desktop\\Devtrails\\Devtrails\\server\\utils\\claimValidator.js:25:17)\n    at evaluateClaimEligibility (C:\\Users\\SHRAVYA\\Desktop\\Devtrails\\Devtrails\\server\\services\\claimService.js:172:16)\n    at process.processTicksAndRejections (node:internal/process/task_queues:103:5)\n    at async getDashboardSummary (C:\\Users\\SHRAVYA\\Desktop\\Devtrails\\Devtrails\\server\\controllers\\dashboardController.js:26:25)"
}
---
[2026-04-04T13:33:16.576Z] [DEBUG] Weather cache hit
{
  "city": "Bangalore",
  "cached": true
}
---
[2026-04-04T13:33:16.608Z] [DEBUG] Weather cache hit
{
  "city": "Bangalore",
  "cached": true
}
---
[2026-04-04T13:33:16.658Z] [ERROR] Profile incomplete
{
  "statusCode": 400,
  "errorCode": "PARTNER_PROFILE_INCOMPLETE",
  "userId": "69d10b5eef86df87aaba7751",
  "path": "/api/dashboard/summary",
  "method": "GET",
  "ip": "::1",
  "stack": "Error: Profile incomplete\n    at validateUserProfile (C:\\Users\\SHRAVYA\\Desktop\\Devtrails\\Devtrails\\server\\utils\\claimValidator.js:25:17)\n    at evaluateClaimEligibility (C:\\Users\\SHRAVYA\\Desktop\\Devtrails\\Devtrails\\server\\services\\claimService.js:172:16)\n    at process.processTicksAndRejections (node:internal/process/task_queues:103:5)\n    at async getDashboardSummary (C:\\Users\\SHRAVYA\\Desktop\\Devtrails\\Devtrails\\server\\controllers\\dashboardController.js:26:25)"
}
---
[2026-04-04T13:33:16.788Z] [DEBUG] Weather cache hit
{
  "city": "Bangalore",
  "cached": true
}
---
[2026-04-04T13:33:27.479Z] [DEBUG] Fetching current weather from API
{
  "city": "delhi"
}
---
[2026-04-04T13:33:27.575Z] [INFO] Current weather fetched successfully
{
  "city": "delhi",
  "temp": 29.05,
  "condition": "Haze"
}
---
[2026-04-04T13:33:27.701Z] [DEBUG] Weather cache hit
{
  "city": "delhi",
  "cached": true
}
---
[2026-04-04T13:33:27.870Z] [INFO] Claim eligibility evaluated
{
  "userId": "69d10b5eef86df87aaba7751",
  "city": "delhi",
  "rain": 0,
  "threshold": 1,
  "decision": "NOT_ELIGIBLE",
  "status": "not_eligible"
}
---
[2026-04-04T13:33:28.055Z] [DEBUG] Weather cache hit
{
  "city": "delhi",
  "cached": true
}
---
[2026-04-04T13:33:28.057Z] [DEBUG] Fetching 5-day forecast from API
{
  "city": "delhi"
}
---
[2026-04-04T13:33:28.109Z] [INFO] 5-day forecast fetched successfully
{
  "city": "delhi",
  "forecastItems": 40
}
---
[2026-04-04T13:33:33.909Z] [WARN] Fraud check: RATE_LIMIT_EXCEEDED
{
  "userId": "69d10b5eef86df87aaba7751",
  "result": true,
  "reason": "User exceeded 5 requests/min. Retry after 252s"
}
---
[2026-04-04T13:33:33.912Z] [ERROR] Rate limit exceeded. Maximum 5 requests per minute. Retry after 252 seconds.
{
  "statusCode": 429,
  "errorCode": "RATE_LIMIT_EXCEEDED",
  "userId": "69d10b5eef86df87aaba7751",
  "path": "/api/claim/auto",
  "method": "POST",
  "ip": "::1",
  "stack": "Error: Rate limit exceeded. Maximum 5 requests per minute. Retry after 252 seconds.\n    at rateLimiterClaimAuto (C:\\Users\\SHRAVYA\\Desktop\\Devtrails\\Devtrails\\server\\middleware\\rateLimiter.js:82:19)\n    at Layer.handle [as handle_request] (C:\\Users\\SHRAVYA\\Desktop\\Devtrails\\Devtrails\\server\\node_modules\\express\\lib\\router\\layer.js:95:5)\n    at next (C:\\Users\\SHRAVYA\\Desktop\\Devtrails\\Devtrails\\server\\node_modules\\express\\lib\\router\\route.js:149:13)\n    at required (C:\\Users\\SHRAVYA\\Desktop\\Devtrails\\Devtrails\\server\\middleware\\authMiddleware.js:32:7)\n    at process.processTicksAndRejections (node:internal/process/task_queues:103:5)"
}
---
[2026-04-04T13:33:34.016Z] [WARN] Fraud check: RATE_LIMIT_EXCEEDED
{
  "userId": "69d10b5eef86df87aaba7751",
  "result": true,
  "reason": "User exceeded 5 requests/min. Retry after 252s"
}
---
[2026-04-04T13:33:34.019Z] [ERROR] Rate limit exceeded. Maximum 5 requests per minute. Retry after 252 seconds.
{
  "statusCode": 429,
  "errorCode": "RATE_LIMIT_EXCEEDED",
  "userId": "69d10b5eef86df87aaba7751",
  "path": "/api/claim/auto",
  "method": "POST",
  "ip": "::1",
  "stack": "Error: Rate limit exceeded. Maximum 5 requests per minute. Retry after 252 seconds.\n    at rateLimiterClaimAuto (C:\\Users\\SHRAVYA\\Desktop\\Devtrails\\Devtrails\\server\\middleware\\rateLimiter.js:82:19)\n    at Layer.handle [as handle_request] (C:\\Users\\SHRAVYA\\Desktop\\Devtrails\\Devtrails\\server\\node_modules\\express\\lib\\router\\layer.js:95:5)\n    at next (C:\\Users\\SHRAVYA\\Desktop\\Devtrails\\Devtrails\\server\\node_modules\\express\\lib\\router\\route.js:149:13)\n    at required (C:\\Users\\SHRAVYA\\Desktop\\Devtrails\\Devtrails\\server\\middleware\\authMiddleware.js:32:7)\n    at process.processTicksAndRejections (node:internal/process/task_queues:103:5)"
}
---
[2026-04-04T13:33:38.160Z] [WARN] Fraud check: RATE_LIMIT_EXCEEDED
{
  "userId": "69d10b5eef86df87aaba7751",
  "result": true,
  "reason": "User exceeded 5 requests/min. Retry after 248s"
}
---
[2026-04-04T13:33:38.164Z] [ERROR] Rate limit exceeded. Maximum 5 requests per minute. Retry after 248 seconds.
{
  "statusCode": 429,
  "errorCode": "RATE_LIMIT_EXCEEDED",
  "userId": "69d10b5eef86df87aaba7751",
  "path": "/api/claim/auto",
  "method": "POST",
  "ip": "::1",
  "stack": "Error: Rate limit exceeded. Maximum 5 requests per minute. Retry after 248 seconds.\n    at rateLimiterClaimAuto (C:\\Users\\SHRAVYA\\Desktop\\Devtrails\\Devtrails\\server\\middleware\\rateLimiter.js:82:19)\n    at Layer.handle [as handle_request] (C:\\Users\\SHRAVYA\\Desktop\\Devtrails\\Devtrails\\server\\node_modules\\express\\lib\\router\\layer.js:95:5)\n    at next (C:\\Users\\SHRAVYA\\Desktop\\Devtrails\\Devtrails\\server\\node_modules\\express\\lib\\router\\route.js:149:13)\n    at required (C:\\Users\\SHRAVYA\\Desktop\\Devtrails\\Devtrails\\server\\middleware\\authMiddleware.js:32:7)\n    at process.processTicksAndRejections (node:internal/process/task_queues:103:5)"
}
---
[2026-04-04T13:33:38.286Z] [WARN] Fraud check: RATE_LIMIT_EXCEEDED
{
  "userId": "69d10b5eef86df87aaba7751",
  "result": true,
  "reason": "User exceeded 5 requests/min. Retry after 247s"
}
---
[2026-04-04T13:33:38.289Z] [ERROR] Rate limit exceeded. Maximum 5 requests per minute. Retry after 247 seconds.
{
  "statusCode": 429,
  "errorCode": "RATE_LIMIT_EXCEEDED",
  "userId": "69d10b5eef86df87aaba7751",
  "path": "/api/claim/auto",
  "method": "POST",
  "ip": "::1",
  "stack": "Error: Rate limit exceeded. Maximum 5 requests per minute. Retry after 247 seconds.\n    at rateLimiterClaimAuto (C:\\Users\\SHRAVYA\\Desktop\\Devtrails\\Devtrails\\server\\middleware\\rateLimiter.js:82:19)\n    at Layer.handle [as handle_request] (C:\\Users\\SHRAVYA\\Desktop\\Devtrails\\Devtrails\\server\\node_modules\\express\\lib\\router\\layer.js:95:5)\n    at next (C:\\Users\\SHRAVYA\\Desktop\\Devtrails\\Devtrails\\server\\node_modules\\express\\lib\\router\\route.js:149:13)\n    at required (C:\\Users\\SHRAVYA\\Desktop\\Devtrails\\Devtrails\\server\\middleware\\authMiddleware.js:32:7)\n    at process.processTicksAndRejections (node:internal/process/task_queues:103:5)"
}
---
[2026-04-04T13:53:20.461Z] [INFO] Claim scheduler started
{
  "scanIntervalMs": 1800000,
  "startupDelayMs": 5000
}
---
[2026-04-04T13:53:25.655Z] [INFO] Claim scheduler run completed
{
  "checkedUsers": 15,
  "createdOrUpdatedClaims": 0,
  "skippedUsers": 13,
  "failedUsers": 0,
  "durationMs": 189
}
---
[2026-04-04T13:53:35.888Z] [DEBUG] Fetching current weather from API
{
  "city": "srinagar"
}
---
[2026-04-04T13:53:36.046Z] [INFO] Current weather fetched successfully
{
  "city": "srinagar",
  "temp": 8.97,
  "condition": "Clouds"
}
---
[2026-04-04T13:53:36.200Z] [DEBUG] Weather cache hit
{
  "city": "srinagar",
  "cached": true
}
---
[2026-04-04T13:53:36.373Z] [INFO] Claim eligibility evaluated
{
  "userId": "69ba2ebd4834ce594366687b",
  "city": "srinagar",
  "rain": 0,
  "threshold": 10,
  "decision": "NOT_ELIGIBLE",
  "status": "not_eligible"
}
---
[2026-04-04T13:53:36.556Z] [DEBUG] Weather cache hit
{
  "city": "srinagar",
  "cached": true
}
---
[2026-04-04T13:53:36.563Z] [DEBUG] Weather cache hit
{
  "city": "srinagar",
  "cached": true
}
---
[2026-04-04T13:53:36.624Z] [DEBUG] Weather cache hit
{
  "city": "srinagar",
  "cached": true
}
---
[2026-04-04T13:53:36.628Z] [DEBUG] Fetching 5-day forecast from API
{
  "city": "srinagar"
}
---
[2026-04-04T13:53:36.679Z] [DEBUG] Weather cache hit
{
  "city": "srinagar",
  "cached": true
}
---
[2026-04-04T13:53:36.719Z] [INFO] 5-day forecast fetched successfully
{
  "city": "srinagar",
  "forecastItems": 40
}
---
[2026-04-04T13:53:36.903Z] [INFO] Claim eligibility evaluated
{
  "userId": "69ba2ebd4834ce594366687b",
  "city": "srinagar",
  "rain": 0,
  "threshold": 10,
  "decision": "NOT_ELIGIBLE",
  "status": "not_eligible"
}
---
[2026-04-04T13:53:37.082Z] [DEBUG] Weather cache hit
{
  "city": "srinagar",
  "cached": true
}
---
[2026-04-04T13:53:37.139Z] [DEBUG] Weather cache hit
{
  "city": "srinagar",
  "cached": true
}
---
[2026-04-04T13:53:37.143Z] [DEBUG] Forecast cache hit
{
  "city": "srinagar",
  "cached": true
}
---
[2026-04-04T13:53:46.686Z] [DEBUG] Weather cache hit
{
  "city": "srinagar",
  "cached": true
}
---
[2026-04-04T13:53:46.795Z] [DEBUG] Weather cache hit
{
  "city": "srinagar",
  "cached": true
}
---
[2026-04-04T13:53:46.924Z] [INFO] Claim eligibility evaluated
{
  "userId": "69ba2ebd4834ce594366687b",
  "city": "srinagar",
  "rain": 0,
  "threshold": 10,
  "decision": "NOT_ELIGIBLE",
  "status": "not_eligible"
}
---
[2026-04-04T13:53:47.078Z] [DEBUG] Weather cache hit
{
  "city": "srinagar",
  "cached": true
}
---
[2026-04-04T13:53:47.122Z] [DEBUG] Weather cache hit
{
  "city": "srinagar",
  "cached": true
}
---
[2026-04-04T13:53:47.182Z] [DEBUG] Weather cache hit
{
  "city": "srinagar",
  "cached": true
}
---
[2026-04-04T13:53:47.186Z] [DEBUG] Weather cache hit
{
  "city": "srinagar",
  "cached": true
}
---
[2026-04-04T13:53:47.190Z] [DEBUG] Forecast cache hit
{
  "city": "srinagar",
  "cached": true
}
---
[2026-04-04T13:53:47.320Z] [INFO] Claim eligibility evaluated
{
  "userId": "69ba2ebd4834ce594366687b",
  "city": "srinagar",
  "rain": 0,
  "threshold": 10,
  "decision": "NOT_ELIGIBLE",
  "status": "not_eligible"
}
---
[2026-04-04T13:53:47.481Z] [DEBUG] Weather cache hit
{
  "city": "srinagar",
  "cached": true
}
---
[2026-04-04T13:53:47.533Z] [DEBUG] Weather cache hit
{
  "city": "srinagar",
  "cached": true
}
---
[2026-04-04T13:53:47.535Z] [DEBUG] Forecast cache hit
{
  "city": "srinagar",
  "cached": true
}
---
[2026-04-04T13:53:50.992Z] [INFO] Claim auto request received
{
  "userId": "69ba2ebd4834ce594366687b",
  "ip": "::1",
  "timestamp": "2026-04-04T13:53:50.991Z"
}
---
[2026-04-04T13:53:51.056Z] [INFO] Claim auto request received
{
  "userId": "69ba2ebd4834ce594366687b",
  "ip": "::1",
  "timestamp": "2026-04-04T13:53:51.054Z"
}
---
[2026-04-04T13:53:51.061Z] [DEBUG] Weather cache hit
{
  "city": "srinagar",
  "cached": true
}
---
[2026-04-04T13:53:51.140Z] [DEBUG] Weather cache hit
{
  "city": "srinagar",
  "cached": true
}
---
[2026-04-04T13:53:51.231Z] [INFO] Claim eligibility evaluated
{
  "userId": "69ba2ebd4834ce594366687b",
  "city": "srinagar",
  "rain": 0,
  "threshold": 10,
  "decision": "NOT_ELIGIBLE",
  "status": "not_eligible"
}
---
[2026-04-04T13:53:51.233Z] [INFO] Claim automation completed successfully
{
  "userId": "69ba2ebd4834ce594366687b",
  "city": "srinagar",
  "rainMm": 0,
  "claimCreated": true,
  "claimDecision": "not_eligible"
}
---
[2026-04-04T13:53:51.462Z] [INFO] Claim eligibility evaluated
{
  "userId": "69ba2ebd4834ce594366687b",
  "city": "srinagar",
  "rain": 0,
  "threshold": 10,
  "decision": "NOT_ELIGIBLE",
  "status": "not_eligible"
}
---
[2026-04-04T13:53:51.464Z] [INFO] Claim automation completed successfully
{
  "userId": "69ba2ebd4834ce594366687b",
  "city": "srinagar",
  "rainMm": 0,
  "claimCreated": true,
  "claimDecision": "not_eligible"
}
---
[2026-04-04T13:53:51.526Z] [DEBUG] Claims retrieved
{
  "userId": "69ba2ebd4834ce594366687b",
  "count": 13
}
---
[2026-04-04T13:53:51.604Z] [DEBUG] Claims retrieved
{
  "userId": "69ba2ebd4834ce594366687b",
  "count": 13
}
---
[2026-04-04T13:54:31.682Z] [INFO] Claim auto request received
{
  "userId": "69ba2ebd4834ce594366687b",
  "ip": "::1",
  "timestamp": "2026-04-04T13:54:31.665Z"
}
---
[2026-04-04T13:54:31.739Z] [INFO] Claim auto request received
{
  "userId": "69ba2ebd4834ce594366687b",
  "ip": "::1",
  "timestamp": "2026-04-04T13:54:31.732Z"
}
---
[2026-04-04T13:54:31.799Z] [DEBUG] Weather cache hit
{
  "city": "srinagar",
  "cached": true
}
---
[2026-04-04T13:54:31.807Z] [DEBUG] Weather cache hit
{
  "city": "srinagar",
  "cached": true
}
---
[2026-04-04T13:54:31.945Z] [INFO] Claim eligibility evaluated
{
  "userId": "69ba2ebd4834ce594366687b",
  "city": "srinagar",
  "rain": 0,
  "threshold": 10,
  "decision": "NOT_ELIGIBLE",
  "status": "not_eligible"
}
---
[2026-04-04T13:54:31.947Z] [INFO] Claim automation completed successfully
{
  "userId": "69ba2ebd4834ce594366687b",
  "city": "srinagar",
  "rainMm": 0,
  "claimCreated": true,
  "claimDecision": "not_eligible"
}
---
[2026-04-04T13:54:31.969Z] [INFO] Claim eligibility evaluated
{
  "userId": "69ba2ebd4834ce594366687b",
  "city": "srinagar",
  "rain": 0,
  "threshold": 10,
  "decision": "NOT_ELIGIBLE",
  "status": "not_eligible"
}
---
[2026-04-04T13:54:31.977Z] [INFO] Claim automation completed successfully
{
  "userId": "69ba2ebd4834ce594366687b",
  "city": "srinagar",
  "rainMm": 0,
  "claimCreated": true,
  "claimDecision": "not_eligible"
}
---
[2026-04-04T13:54:32.145Z] [DEBUG] Claims retrieved
{
  "userId": "69ba2ebd4834ce594366687b",
  "count": 13
}
---
[2026-04-04T13:54:32.246Z] [DEBUG] Claims retrieved
{
  "userId": "69ba2ebd4834ce594366687b",
  "count": 13
}
---
