[2026-04-01T11:04:47.419Z] [DEBUG] Claims retrieved
{
  "userId": "69cb8f604a913486550abda7",
  "count": 0
}
---
[2026-04-01T11:04:47.470Z] [DEBUG] Fetching current weather from API
{
  "city": "srinagar"
}
---
[2026-04-01T11:04:47.797Z] [INFO] Current weather fetched successfully
{
  "city": "srinagar",
  "temp": 19.34,
  "condition": "Clouds"
}
---
[2026-04-01T11:04:48.254Z] [DEBUG] Weather cache hit
{
  "city": "srinagar",
  "cached": true
}
---
[2026-04-01T11:04:52.201Z] [DEBUG] Weather cache hit
{
  "city": "srinagar",
  "cached": true
}
---
[2026-04-01T11:04:52.202Z] [DEBUG] Fetching 5-day forecast from API
{
  "city": "srinagar"
}
---
[2026-04-01T11:04:52.599Z] [INFO] 5-day forecast fetched successfully
{
  "city": "srinagar",
  "forecastItems": 40
}
---
[2026-04-01T11:05:00.092Z] [DEBUG] Claims retrieved
{
  "userId": "69cb8f604a913486550abda7",
  "count": 0
}
---
[2026-04-01T11:05:00.309Z] [DEBUG] Claims retrieved
{
  "userId": "69cb8f604a913486550abda7",
  "count": 0
}
---
[2026-04-01T11:05:02.597Z] [DEBUG] Weather cache hit
{
  "city": "srinagar",
  "cached": true
}
---
[2026-04-01T11:05:02.700Z] [DEBUG] Weather cache hit
{
  "city": "srinagar",
  "cached": true
}
---
[2026-04-01T11:05:26.085Z] [INFO] Starting automation for user
{
  "userId": "69ba2ebd4834ce594366687b"
}
---
[2026-04-01T11:05:26.212Z] [DEBUG] Weather cache hit
{
  "city": "srinagar",
  "cached": true
}
---
[2026-04-01T11:05:26.215Z] [DEBUG] Weekly claim counter reset
{
  "userId": "69ba2ebd4834ce594366687b",
  "previousWeek": null,
  "currentWeek": "2026-03-29"
}
---
[2026-04-01T11:05:26.487Z] [DEBUG] Forecast cache hit
{
  "city": "srinagar",
  "cached": true
}
---
[2026-04-01T11:05:26.566Z] [INFO] Claim decision made
{
  "userId": "69ba2ebd4834ce594366687b",
  "city": "srinagar",
  "rainMm": 0,
  "threshold": 0.3,
  "decision": "NO_CLAIM_BELOW_THRESHOLD"
}
---
[2026-04-01T11:05:26.690Z] [DEBUG] Forecast cache hit
{
  "city": "srinagar",
  "cached": true
}
---
[2026-04-01T11:05:26.856Z] [INFO] Starting automation for user
{
  "userId": "69ba2ebd4834ce594366687b"
}
---
[2026-04-01T11:05:26.942Z] [DEBUG] Weather cache hit
{
  "city": "srinagar",
  "cached": true
}
---
[2026-04-01T11:05:26.943Z] [DEBUG] Weekly claim counter reset
{
  "userId": "69ba2ebd4834ce594366687b",
  "previousWeek": null,
  "currentWeek": "2026-03-29"
}
---
[2026-04-01T11:05:27.184Z] [DEBUG] Claims retrieved
{
  "userId": "69ba2ebd4834ce594366687b",
  "count": 11
}
---
[2026-04-01T11:05:27.236Z] [DEBUG] Weather cache hit
{
  "city": "srinagar",
  "cached": true
}
---
[2026-04-01T11:05:27.240Z] [DEBUG] Forecast cache hit
{
  "city": "srinagar",
  "cached": true
}
---
[2026-04-01T11:05:27.290Z] [INFO] Claim decision made
{
  "userId": "69ba2ebd4834ce594366687b",
  "city": "srinagar",
  "rainMm": 0,
  "threshold": 0.3,
  "decision": "NO_CLAIM_BELOW_THRESHOLD"
}
---
[2026-04-01T11:05:27.338Z] [DEBUG] Forecast cache hit
{
  "city": "srinagar",
  "cached": true
}
---
[2026-04-01T11:05:27.507Z] [DEBUG] Weather cache hit
{
  "city": "srinagar",
  "cached": true
}
---
[2026-04-01T11:05:27.597Z] [DEBUG] Weather cache hit
{
  "city": "srinagar",
  "cached": true
}
---
[2026-04-01T11:05:27.598Z] [DEBUG] Forecast cache hit
{
  "city": "srinagar",
  "cached": true
}
---
[2026-04-01T11:05:27.891Z] [DEBUG] Claims retrieved
{
  "userId": "69ba2ebd4834ce594366687b",
  "count": 11
}
---
[2026-04-01T11:05:27.894Z] [DEBUG] Weather cache hit
{
  "city": "srinagar",
  "cached": true
}
---
[2026-04-01T11:05:28.094Z] [DEBUG] Weather cache hit
{
  "city": "srinagar",
  "cached": true
}
---
[2026-04-01T11:05:28.212Z] [DEBUG] Weather cache hit
{
  "city": "srinagar",
  "cached": true
}
---
[2026-04-01T11:05:28.212Z] [DEBUG] Forecast cache hit
{
  "city": "srinagar",
  "cached": true
}
---
[2026-04-01T11:05:30.569Z] [DEBUG] Weather cache hit
{
  "city": "srinagar",
  "cached": true
}
---
[2026-04-01T11:05:30.933Z] [DEBUG] Weather cache hit
{
  "city": "srinagar",
  "cached": true
}
---
[2026-04-01T11:05:32.509Z] [DEBUG] Claims retrieved
{
  "userId": "69ba2ebd4834ce594366687b",
  "count": 11
}
---
[2026-04-01T11:05:32.678Z] [DEBUG] Claims retrieved
{
  "userId": "69ba2ebd4834ce594366687b",
  "count": 11
}
---
[2026-04-01T11:05:51.695Z] [INFO] Starting automation for user
{
  "userId": "69ba2ebd4834ce594366687b"
}
---
[2026-04-01T11:05:51.761Z] [DEBUG] Weather cache hit
{
  "city": "srinagar",
  "cached": true
}
---
[2026-04-01T11:05:51.762Z] [DEBUG] Weekly claim counter reset
{
  "userId": "69ba2ebd4834ce594366687b",
  "previousWeek": null,
  "currentWeek": "2026-03-29"
}
---
[2026-04-01T11:05:52.092Z] [DEBUG] Forecast cache hit
{
  "city": "srinagar",
  "cached": true
}
---
[2026-04-01T11:05:52.212Z] [INFO] Claim decision made
{
  "userId": "69ba2ebd4834ce594366687b",
  "city": "srinagar",
  "rainMm": 0,
  "threshold": 0.3,
  "decision": "NO_CLAIM_BELOW_THRESHOLD"
}
---
[2026-04-01T11:05:52.534Z] [DEBUG] Forecast cache hit
{
  "city": "srinagar",
  "cached": true
}
---
[2026-04-01T11:05:52.803Z] [INFO] Starting automation for user
{
  "userId": "69ba2ebd4834ce594366687b"
}
---
[2026-04-01T11:05:52.925Z] [DEBUG] Weather cache hit
{
  "city": "srinagar",
  "cached": true
}
---
[2026-04-01T11:05:52.926Z] [DEBUG] Weekly claim counter reset
{
  "userId": "69ba2ebd4834ce594366687b",
  "previousWeek": null,
  "currentWeek": "2026-03-29"
}
---
[2026-04-01T11:05:53.130Z] [DEBUG] Claims retrieved
{
  "userId": "69ba2ebd4834ce594366687b",
  "count": 11
}
---
[2026-04-01T11:05:53.241Z] [DEBUG] Weather cache hit
{
  "city": "srinagar",
  "cached": true
}
---
[2026-04-01T11:05:53.306Z] [DEBUG] Forecast cache hit
{
  "city": "srinagar",
  "cached": true
}
---
[2026-04-01T11:05:53.451Z] [INFO] Claim decision made
{
  "userId": "69ba2ebd4834ce594366687b",
  "city": "srinagar",
  "rainMm": 0,
  "threshold": 0.3,
  "decision": "NO_CLAIM_BELOW_THRESHOLD"
}
---
[2026-04-01T11:05:53.505Z] [DEBUG] Forecast cache hit
{
  "city": "srinagar",
  "cached": true
}
---
[2026-04-01T11:05:53.749Z] [DEBUG] Weather cache hit
{
  "city": "srinagar",
  "cached": true
}
---
[2026-04-01T11:05:53.937Z] [DEBUG] Weather cache hit
{
  "city": "srinagar",
  "cached": true
}
---
[2026-04-01T11:05:53.938Z] [DEBUG] Forecast cache hit
{
  "city": "srinagar",
  "cached": true
}
---
[2026-04-01T11:05:54.237Z] [DEBUG] Claims retrieved
{
  "userId": "69ba2ebd4834ce594366687b",
  "count": 11
}
---
[2026-04-01T11:05:54.280Z] [DEBUG] Weather cache hit
{
  "city": "srinagar",
  "cached": true
}
---
[2026-04-01T11:05:54.637Z] [DEBUG] Weather cache hit
{
  "city": "srinagar",
  "cached": true
}
---
[2026-04-01T11:05:54.786Z] [DEBUG] Weather cache hit
{
  "city": "srinagar",
  "cached": true
}
---
[2026-04-01T11:05:54.787Z] [DEBUG] Forecast cache hit
{
  "city": "srinagar",
  "cached": true
}
---
[2026-04-01T11:06:32.866Z] [INFO] Starting automation for user
{
  "userId": "69bb993fb4ee466916f2b02d"
}
---
[2026-04-01T11:06:32.952Z] [DEBUG] Fetching current weather from API
{
  "city": "cherrapunjee"
}
---
[2026-04-01T11:06:33.142Z] [INFO] Current weather fetched successfully
{
  "city": "cherrapunjee",
  "temp": 18.86,
  "condition": "Clear"
}
---
[2026-04-01T11:06:33.143Z] [DEBUG] Weekly claim counter reset
{
  "userId": "69bb993fb4ee466916f2b02d",
  "previousWeek": null,
  "currentWeek": "2026-03-29"
}
---
[2026-04-01T11:06:33.382Z] [DEBUG] Fetching 5-day forecast from API
{
  "city": "cherrapunjee"
}
---
[2026-04-01T11:06:33.482Z] [INFO] 5-day forecast fetched successfully
{
  "city": "cherrapunjee",
  "forecastItems": 40
}
---
[2026-04-01T11:06:33.550Z] [INFO] Claim decision made
{
  "userId": "69bb993fb4ee466916f2b02d",
  "city": "cherrapunjee",
  "rainMm": 0,
  "threshold": 15,
  "decision": "NO_CLAIM_BELOW_THRESHOLD"
}
---
[2026-04-01T11:06:33.641Z] [DEBUG] Forecast cache hit
{
  "city": "cherrapunjee",
  "cached": true
}
---
[2026-04-01T11:06:33.793Z] [INFO] Starting automation for user
{
  "userId": "69bb993fb4ee466916f2b02d"
}
---
[2026-04-01T11:06:33.859Z] [DEBUG] Weather cache hit
{
  "city": "cherrapunjee",
  "cached": true
}
---
[2026-04-01T11:06:33.860Z] [DEBUG] Weekly claim counter reset
{
  "userId": "69bb993fb4ee466916f2b02d",
  "previousWeek": null,
  "currentWeek": "2026-03-29"
}
---
[2026-04-01T11:06:34.007Z] [DEBUG] Claims retrieved
{
  "userId": "69bb993fb4ee466916f2b02d",
  "count": 0
}
---
[2026-04-01T11:06:34.057Z] [DEBUG] Weather cache hit
{
  "city": "cherrapunjee",
  "cached": true
}
---
[2026-04-01T11:06:34.060Z] [DEBUG] Forecast cache hit
{
  "city": "cherrapunjee",
  "cached": true
}
---
[2026-04-01T11:06:34.104Z] [INFO] Claim decision made
{
  "userId": "69bb993fb4ee466916f2b02d",
  "city": "cherrapunjee",
  "rainMm": 0,
  "threshold": 15,
  "decision": "NO_CLAIM_BELOW_THRESHOLD"
}
---
[2026-04-01T11:06:34.147Z] [DEBUG] Forecast cache hit
{
  "city": "cherrapunjee",
  "cached": true
}
---
[2026-04-01T11:06:34.617Z] [DEBUG] Weather cache hit
{
  "city": "cherrapunjee",
  "cached": true
}
---
[2026-04-01T11:06:34.684Z] [DEBUG] Weather cache hit
{
  "city": "cherrapunjee",
  "cached": true
}
---
[2026-04-01T11:06:34.686Z] [DEBUG] Forecast cache hit
{
  "city": "cherrapunjee",
  "cached": true
}
---
[2026-04-01T11:06:34.980Z] [DEBUG] Claims retrieved
{
  "userId": "69bb993fb4ee466916f2b02d",
  "count": 0
}
---
[2026-04-01T11:06:35.150Z] [DEBUG] Weather cache hit
{
  "city": "cherrapunjee",
  "cached": true
}
---
[2026-04-01T11:06:35.592Z] [DEBUG] Weather cache hit
{
  "city": "cherrapunjee",
  "cached": true
}
---
[2026-04-01T11:06:35.718Z] [DEBUG] Weather cache hit
{
  "city": "cherrapunjee",
  "cached": true
}
---
[2026-04-01T11:06:35.719Z] [DEBUG] Forecast cache hit
{
  "city": "cherrapunjee",
  "cached": true
}
---
[2026-04-01T11:06:46.491Z] [INFO] Starting automation for user
{
  "userId": "69bb993fb4ee466916f2b02d"
}
---
[2026-04-01T11:06:46.569Z] [DEBUG] Fetching current weather from API
{
  "city": "Guwahati"
}
---
[2026-04-01T11:06:46.836Z] [INFO] Current weather fetched successfully
{
  "city": "Guwahati",
  "temp": 26.95,
  "condition": "Haze"
}
---
[2026-04-01T11:06:46.837Z] [DEBUG] Weekly claim counter reset
{
  "userId": "69bb993fb4ee466916f2b02d",
  "previousWeek": null,
  "currentWeek": "2026-03-29"
}
---
[2026-04-01T11:06:47.281Z] [DEBUG] Fetching 5-day forecast from API
{
  "city": "Guwahati"
}
---
[2026-04-01T11:06:47.630Z] [INFO] 5-day forecast fetched successfully
{
  "city": "Guwahati",
  "forecastItems": 40
}
---
[2026-04-01T11:06:47.685Z] [INFO] Claim decision made
{
  "userId": "69bb993fb4ee466916f2b02d",
  "city": "Guwahati",
  "rainMm": 0,
  "threshold": 0.2,
  "decision": "NO_CLAIM_BELOW_THRESHOLD"
}
---
[2026-04-01T11:06:47.774Z] [DEBUG] Forecast cache hit
{
  "city": "Guwahati",
  "cached": true
}
---
[2026-04-01T11:06:48.315Z] [DEBUG] Weather cache hit
{
  "city": "Guwahati",
  "cached": true
}
---
[2026-04-01T11:06:48.316Z] [DEBUG] Forecast cache hit
{
  "city": "Guwahati",
  "cached": true
}
---
[2026-04-01T11:07:22.108Z] [INFO] Starting automation for user
{
  "userId": "69bb993fb4ee466916f2b02d"
}
---
[2026-04-01T11:07:22.444Z] [DEBUG] Weather cache hit
{
  "city": "Guwahati",
  "cached": true
}
---
[2026-04-01T11:07:22.445Z] [DEBUG] Weekly claim counter reset
{
  "userId": "69bb993fb4ee466916f2b02d",
  "previousWeek": null,
  "currentWeek": "2026-03-29"
}
---
[2026-04-01T11:07:22.858Z] [DEBUG] Forecast cache hit
{
  "city": "Guwahati",
  "cached": true
}
---
[2026-04-01T11:07:22.937Z] [INFO] Claim decision made
{
  "userId": "69bb993fb4ee466916f2b02d",
  "city": "Guwahati",
  "rainMm": 0,
  "threshold": 0.2,
  "decision": "NO_CLAIM_BELOW_THRESHOLD"
}
---
[2026-04-01T11:07:23.017Z] [DEBUG] Forecast cache hit
{
  "city": "Guwahati",
  "cached": true
}
---
[2026-04-01T11:07:23.438Z] [INFO] Starting automation for user
{
  "userId": "69bb993fb4ee466916f2b02d"
}
---
[2026-04-01T11:07:23.799Z] [DEBUG] Weather cache hit
{
  "city": "Guwahati",
  "cached": true
}
---
[2026-04-01T11:07:23.800Z] [DEBUG] Weekly claim counter reset
{
  "userId": "69bb993fb4ee466916f2b02d",
  "previousWeek": null,
  "currentWeek": "2026-03-29"
}
---
[2026-04-01T11:07:24.004Z] [DEBUG] Claims retrieved
{
  "userId": "69bb993fb4ee466916f2b02d",
  "count": 0
}
---
[2026-04-01T11:07:24.079Z] [DEBUG] Forecast cache hit
{
  "city": "Guwahati",
  "cached": true
}
---
[2026-04-01T11:07:24.081Z] [DEBUG] Weather cache hit
{
  "city": "Guwahati",
  "cached": true
}
---
[2026-04-01T11:07:24.256Z] [INFO] Claim decision made
{
  "userId": "69bb993fb4ee466916f2b02d",
  "city": "Guwahati",
  "rainMm": 0,
  "threshold": 0.2,
  "decision": "NO_CLAIM_BELOW_THRESHOLD"
}
---
[2026-04-01T11:07:24.365Z] [DEBUG] Forecast cache hit
{
  "city": "Guwahati",
  "cached": true
}
---
[2026-04-01T11:07:24.417Z] [DEBUG] Weather cache hit
{
  "city": "Guwahati",
  "cached": true
}
---
[2026-04-01T11:07:24.887Z] [DEBUG] Weather cache hit
{
  "city": "Guwahati",
  "cached": true
}
---
[2026-04-01T11:07:24.887Z] [DEBUG] Forecast cache hit
{
  "city": "Guwahati",
  "cached": true
}
---
[2026-04-01T11:07:25.566Z] [DEBUG] Claims retrieved
{
  "userId": "69bb993fb4ee466916f2b02d",
  "count": 0
}
---
[2026-04-01T11:07:25.665Z] [DEBUG] Weather cache hit
{
  "city": "Guwahati",
  "cached": true
}
---
[2026-04-01T11:07:25.997Z] [DEBUG] Weather cache hit
{
  "city": "Guwahati",
  "cached": true
}
---
[2026-04-01T11:07:26.470Z] [DEBUG] Weather cache hit
{
  "city": "Guwahati",
  "cached": true
}
---
[2026-04-01T11:07:26.470Z] [DEBUG] Forecast cache hit
{
  "city": "Guwahati",
  "cached": true
}
---
[2026-04-01T11:07:30.871Z] [DEBUG] Claims retrieved
{
  "userId": "69bb993fb4ee466916f2b02d",
  "count": 0
}
---
[2026-04-01T11:07:31.422Z] [DEBUG] Claims retrieved
{
  "userId": "69bb993fb4ee466916f2b02d",
  "count": 0
}
---
[2026-04-01T11:07:32.933Z] [DEBUG] Weather cache hit
{
  "city": "Guwahati",
  "cached": true
}
---
[2026-04-01T11:07:33.153Z] [DEBUG] Weather cache hit
{
  "city": "Guwahati",
  "cached": true
}
---
[2026-04-01T11:07:42.393Z] [DEBUG] Weather cache hit
{
  "city": "Guwahati",
  "cached": true
}
---
[2026-04-01T11:07:42.682Z] [DEBUG] Weather cache hit
{
  "city": "Guwahati",
  "cached": true
}
---
[2026-04-01T11:07:44.414Z] [DEBUG] Claims retrieved
{
  "userId": "69bb993fb4ee466916f2b02d",
  "count": 0
}
---
[2026-04-01T11:07:44.613Z] [DEBUG] Claims retrieved
{
  "userId": "69bb993fb4ee466916f2b02d",
  "count": 0
}
---
[2026-04-01T11:07:45.619Z] [INFO] Claim auto request received
{
  "userId": "69bb993fb4ee466916f2b02d",
  "ip": "::1",
  "timestamp": "2026-04-01T11:07:45.619Z"
}
---
[2026-04-01T11:07:45.621Z] [INFO] Starting automation for user
{
  "userId": "69bb993fb4ee466916f2b02d"
}
---
[2026-04-01T11:07:45.767Z] [DEBUG] Weather cache hit
{
  "city": "Guwahati",
  "cached": true
}
---
[2026-04-01T11:07:45.768Z] [DEBUG] Weekly claim counter reset
{
  "userId": "69bb993fb4ee466916f2b02d",
  "previousWeek": null,
  "currentWeek": "2026-03-29"
}
---
[2026-04-01T11:07:46.095Z] [DEBUG] Forecast cache hit
{
  "city": "Guwahati",
  "cached": true
}
---
[2026-04-01T11:07:46.165Z] [INFO] Claim decision made
{
  "userId": "69bb993fb4ee466916f2b02d",
  "city": "Guwahati",
  "rainMm": 0,
  "threshold": 0.2,
  "decision": "NO_CLAIM_BELOW_THRESHOLD"
}
---
[2026-04-01T11:07:46.166Z] [INFO] Claim automation completed successfully
{
  "userId": "69bb993fb4ee466916f2b02d",
  "city": "Guwahati",
  "rainMm": 0,
  "claimCreated": false,
  "claimDecision": "NO_CLAIM"
}
---
[2026-04-01T11:07:46.387Z] [DEBUG] Claims retrieved
{
  "userId": "69bb993fb4ee466916f2b02d",
  "count": 0
}
---
[2026-04-01T11:07:49.719Z] [DEBUG] Weather cache hit
{
  "city": "Guwahati",
  "cached": true
}
---
[2026-04-01T11:07:50.074Z] [DEBUG] Weather cache hit
{
  "city": "Guwahati",
  "cached": true
}
---
[2026-04-01T11:07:56.358Z] [INFO] Starting automation for user
{
  "userId": "69bb993fb4ee466916f2b02d"
}
---
[2026-04-01T11:07:56.427Z] [DEBUG] Weather cache hit
{
  "city": "Guwahati",
  "cached": true
}
---
[2026-04-01T11:07:56.428Z] [DEBUG] Weekly claim counter reset
{
  "userId": "69bb993fb4ee466916f2b02d",
  "previousWeek": null,
  "currentWeek": "2026-03-29"
}
---
[2026-04-01T11:07:56.702Z] [DEBUG] Forecast cache hit
{
  "city": "Guwahati",
  "cached": true
}
---
[2026-04-01T11:07:56.992Z] [INFO] Claim decision made
{
  "userId": "69bb993fb4ee466916f2b02d",
  "city": "Guwahati",
  "rainMm": 0,
  "threshold": 0.2,
  "decision": "NO_CLAIM_BELOW_THRESHOLD"
}
---
[2026-04-01T11:07:57.080Z] [DEBUG] Forecast cache hit
{
  "city": "Guwahati",
  "cached": true
}
---
[2026-04-01T11:07:57.317Z] [INFO] Starting automation for user
{
  "userId": "69bb993fb4ee466916f2b02d"
}
---
[2026-04-01T11:07:57.405Z] [DEBUG] Weather cache hit
{
  "city": "Guwahati",
  "cached": true
}
---
[2026-04-01T11:07:57.407Z] [DEBUG] Weekly claim counter reset
{
  "userId": "69bb993fb4ee466916f2b02d",
  "previousWeek": null,
  "currentWeek": "2026-03-29"
}
---
[2026-04-01T11:07:57.737Z] [DEBUG] Claims retrieved
{
  "userId": "69bb993fb4ee466916f2b02d",
  "count": 0
}
---
[2026-04-01T11:07:57.846Z] [DEBUG] Forecast cache hit
{
  "city": "Guwahati",
  "cached": true
}
---
[2026-04-01T11:07:57.849Z] [DEBUG] Weather cache hit
{
  "city": "Guwahati",
  "cached": true
}
---
[2026-04-01T11:07:57.927Z] [INFO] Claim decision made
{
  "userId": "69bb993fb4ee466916f2b02d",
  "city": "Guwahati",
  "rainMm": 0,
  "threshold": 0.2,
  "decision": "NO_CLAIM_BELOW_THRESHOLD"
}
---
[2026-04-01T11:07:58.049Z] [DEBUG] Forecast cache hit
{
  "city": "Guwahati",
  "cached": true
}
---
[2026-04-01T11:07:58.133Z] [DEBUG] Weather cache hit
{
  "city": "Guwahati",
  "cached": true
}
---
[2026-04-01T11:07:58.220Z] [DEBUG] Weather cache hit
{
  "city": "Guwahati",
  "cached": true
}
---
[2026-04-01T11:07:58.221Z] [DEBUG] Forecast cache hit
{
  "city": "Guwahati",
  "cached": true
}
---
[2026-04-01T11:07:58.841Z] [DEBUG] Claims retrieved
{
  "userId": "69bb993fb4ee466916f2b02d",
  "count": 0
}
---
[2026-04-01T11:07:59.049Z] [DEBUG] Weather cache hit
{
  "city": "Guwahati",
  "cached": true
}
---
[2026-04-01T11:08:00.106Z] [DEBUG] Weather cache hit
{
  "city": "Guwahati",
  "cached": true
}
---
[2026-04-01T11:08:00.195Z] [DEBUG] Weather cache hit
{
  "city": "Guwahati",
  "cached": true
}
---
[2026-04-01T11:08:00.197Z] [DEBUG] Forecast cache hit
{
  "city": "Guwahati",
  "cached": true
}
---
[2026-04-01T11:08:04.288Z] [INFO] Starting automation for user
{
  "userId": "69bb993fb4ee466916f2b02d"
}
---
[2026-04-01T11:08:04.376Z] [DEBUG] Weather cache hit
{
  "city": "Guwahati",
  "cached": true
}
---
[2026-04-01T11:08:04.377Z] [DEBUG] Weekly claim counter reset
{
  "userId": "69bb993fb4ee466916f2b02d",
  "previousWeek": null,
  "currentWeek": "2026-03-29"
}
---
[2026-04-01T11:08:05.193Z] [DEBUG] Forecast cache hit
{
  "city": "Guwahati",
  "cached": true
}
---
[2026-04-01T11:08:05.435Z] [INFO] Claim decision made
{
  "userId": "69bb993fb4ee466916f2b02d",
  "city": "Guwahati",
  "rainMm": 0,
  "threshold": 5.1,
  "decision": "NO_CLAIM_BELOW_THRESHOLD"
}
---
[2026-04-01T11:08:05.519Z] [DEBUG] Forecast cache hit
{
  "city": "Guwahati",
  "cached": true
}
---
[2026-04-01T11:08:05.683Z] [DEBUG] Weather cache hit
{
  "city": "Guwahati",
  "cached": true
}
---
[2026-04-01T11:08:05.684Z] [DEBUG] Forecast cache hit
{
  "city": "Guwahati",
  "cached": true
}
---
[2026-04-01T11:08:28.215Z] [DEBUG] Weather cache hit
{
  "city": "Guwahati",
  "cached": true
}
---
[2026-04-01T11:08:28.379Z] [DEBUG] Weather cache hit
{
  "city": "Guwahati",
  "cached": true
}
---
[2026-04-01T11:08:30.180Z] [DEBUG] Claims retrieved
{
  "userId": "69bb993fb4ee466916f2b02d",
  "count": 0
}
---
[2026-04-01T11:08:30.300Z] [DEBUG] Claims retrieved
{
  "userId": "69bb993fb4ee466916f2b02d",
  "count": 0
}
---
[2026-04-01T11:08:32.434Z] [DEBUG] Weather cache hit
{
  "city": "Guwahati",
  "cached": true
}
---
[2026-04-01T11:08:32.608Z] [DEBUG] Weather cache hit
{
  "city": "Guwahati",
  "cached": true
}
---
[2026-04-01T11:08:48.797Z] [INFO] Starting automation for user
{
  "userId": "69bb993fb4ee466916f2b02d"
}
---
[2026-04-01T11:08:49.098Z] [DEBUG] Weather cache hit
{
  "city": "Guwahati",
  "cached": true
}
---
[2026-04-01T11:08:49.099Z] [DEBUG] Weekly claim counter reset
{
  "userId": "69bb993fb4ee466916f2b02d",
  "previousWeek": null,
  "currentWeek": "2026-03-29"
}
---
[2026-04-01T11:08:49.646Z] [DEBUG] Forecast cache hit
{
  "city": "Guwahati",
  "cached": true
}
---
[2026-04-01T11:08:49.688Z] [INFO] Claim decision made
{
  "userId": "69bb993fb4ee466916f2b02d",
  "city": "Guwahati",
  "rainMm": 0,
  "threshold": 5.1,
  "decision": "NO_CLAIM_BELOW_THRESHOLD"
}
---
[2026-04-01T11:08:50.031Z] [INFO] Starting automation for user
{
  "userId": "69bb993fb4ee466916f2b02d"
}
---
[2026-04-01T11:08:50.358Z] [DEBUG] Weather cache hit
{
  "city": "Guwahati",
  "cached": true
}
---
[2026-04-01T11:08:50.361Z] [DEBUG] Weather cache hit
{
  "city": "Guwahati",
  "cached": true
}
---
[2026-04-01T11:08:50.362Z] [DEBUG] Weekly claim counter reset
{
  "userId": "69bb993fb4ee466916f2b02d",
  "previousWeek": null,
  "currentWeek": "2026-03-29"
}
---
[2026-04-01T11:08:50.794Z] [DEBUG] Forecast cache hit
{
  "city": "Guwahati",
  "cached": true
}
---
[2026-04-01T11:08:51.710Z] [INFO] Claim decision made
{
  "userId": "69bb993fb4ee466916f2b02d",
  "city": "Guwahati",
  "rainMm": 0,
  "threshold": 5.1,
  "decision": "NO_CLAIM_BELOW_THRESHOLD"
}
---
[2026-04-01T11:08:52.026Z] [DEBUG] Weather cache hit
{
  "city": "Guwahati",
  "cached": true
}
---
[2026-04-01T11:08:53.715Z] [DEBUG] Weather cache hit
{
  "city": "Guwahati",
  "cached": true
}
---
[2026-04-01T11:08:54.150Z] [DEBUG] Weather cache hit
{
  "city": "Guwahati",
  "cached": true
}
---
[2026-04-01T11:08:57.443Z] [DEBUG] Claims retrieved
{
  "userId": "69bb993fb4ee466916f2b02d",
  "count": 0
}
---
[2026-04-01T11:08:57.590Z] [DEBUG] Claims retrieved
{
  "userId": "69bb993fb4ee466916f2b02d",
  "count": 0
}
---
[2026-04-01T11:09:00.319Z] [DEBUG] Weather cache hit
{
  "city": "Guwahati",
  "cached": true
}
---
[2026-04-01T11:09:00.493Z] [DEBUG] Weather cache hit
{
  "city": "Guwahati",
  "cached": true
}
---
[2026-04-01T11:10:42.366Z] [DEBUG] Claims retrieved
{
  "userId": "69bb993fb4ee466916f2b02d",
  "count": 0
}
---
[2026-04-01T11:10:42.602Z] [DEBUG] Claims retrieved
{
  "userId": "69bb993fb4ee466916f2b02d",
  "count": 0
}
---
[2026-04-01T11:10:44.422Z] [INFO] Claim auto request received
{
  "userId": "69bb993fb4ee466916f2b02d",
  "ip": "::1",
  "timestamp": "2026-04-01T11:10:44.422Z"
}
---
[2026-04-01T11:10:44.424Z] [INFO] Starting automation for user
{
  "userId": "69bb993fb4ee466916f2b02d"
}
---
[2026-04-01T11:10:44.529Z] [DEBUG] Weather cache hit
{
  "city": "Guwahati",
  "cached": true
}
---
[2026-04-01T11:10:44.529Z] [DEBUG] Weekly claim counter reset
{
  "userId": "69bb993fb4ee466916f2b02d",
  "previousWeek": null,
  "currentWeek": "2026-03-29"
}
---
[2026-04-01T11:10:44.811Z] [DEBUG] Forecast cache hit
{
  "city": "Guwahati",
  "cached": true
}
---
[2026-04-01T11:10:44.905Z] [INFO] Claim decision made
{
  "userId": "69bb993fb4ee466916f2b02d",
  "city": "Guwahati",
  "rainMm": 0,
  "threshold": 5.1,
  "decision": "NO_CLAIM_BELOW_THRESHOLD"
}
---
[2026-04-01T11:10:44.905Z] [INFO] Claim automation completed successfully
{
  "userId": "69bb993fb4ee466916f2b02d",
  "city": "Guwahati",
  "rainMm": 0,
  "claimCreated": false,
  "claimDecision": "NO_CLAIM"
}
---
[2026-04-01T11:10:45.353Z] [DEBUG] Claims retrieved
{
  "userId": "69bb993fb4ee466916f2b02d",
  "count": 0
}
---
[2026-04-01T11:11:02.236Z] [INFO] Starting automation for user
{
  "userId": "69bb993fb4ee466916f2b02d"
}
---
[2026-04-01T11:11:02.288Z] [DEBUG] Weather cache hit
{
  "city": "Guwahati",
  "cached": true
}
---
[2026-04-01T11:11:02.291Z] [DEBUG] Weekly claim counter reset
{
  "userId": "69bb993fb4ee466916f2b02d",
  "previousWeek": null,
  "currentWeek": "2026-03-29"
}
---
[2026-04-01T11:11:02.635Z] [DEBUG] Forecast cache hit
{
  "city": "Guwahati",
  "cached": true
}
---
[2026-04-01T11:11:02.972Z] [INFO] Claim decision made
{
  "userId": "69bb993fb4ee466916f2b02d",
  "city": "Guwahati",
  "rainMm": 0,
  "threshold": 5.1,
  "decision": "NO_CLAIM_BELOW_THRESHOLD"
}
---
[2026-04-01T11:11:03.063Z] [DEBUG] Forecast cache hit
{
  "city": "Guwahati",
  "cached": true
}
---
[2026-04-01T11:11:03.249Z] [INFO] Starting automation for user
{
  "userId": "69bb993fb4ee466916f2b02d"
}
---
[2026-04-01T11:11:03.321Z] [DEBUG] Weather cache hit
{
  "city": "Guwahati",
  "cached": true
}
---
[2026-04-01T11:11:03.322Z] [DEBUG] Weekly claim counter reset
{
  "userId": "69bb993fb4ee466916f2b02d",
  "previousWeek": null,
  "currentWeek": "2026-03-29"
}
---
[2026-04-01T11:11:03.759Z] [DEBUG] Claims retrieved
{
  "userId": "69bb993fb4ee466916f2b02d",
  "count": 0
}
---
[2026-04-01T11:11:03.762Z] [DEBUG] Forecast cache hit
{
  "city": "Guwahati",
  "cached": true
}
---
[2026-04-01T11:11:04.112Z] [DEBUG] Weather cache hit
{
  "city": "Guwahati",
  "cached": true
}
---
[2026-04-01T11:11:04.114Z] [INFO] Claim decision made
{
  "userId": "69bb993fb4ee466916f2b02d",
  "city": "Guwahati",
  "rainMm": 0,
  "threshold": 5.1,
  "decision": "NO_CLAIM_BELOW_THRESHOLD"
}
---
[2026-04-01T11:11:04.234Z] [DEBUG] Forecast cache hit
{
  "city": "Guwahati",
  "cached": true
}
---
[2026-04-01T11:11:04.677Z] [DEBUG] Weather cache hit
{
  "city": "Guwahati",
  "cached": true
}
---
[2026-04-01T11:11:05.020Z] [DEBUG] Weather cache hit
{
  "city": "Guwahati",
  "cached": true
}
---
[2026-04-01T11:11:05.021Z] [DEBUG] Forecast cache hit
{
  "city": "Guwahati",
  "cached": true
}
---
[2026-04-01T11:11:05.387Z] [DEBUG] Claims retrieved
{
  "userId": "69bb993fb4ee466916f2b02d",
  "count": 0
}
---
[2026-04-01T11:11:05.568Z] [DEBUG] Weather cache hit
{
  "city": "Guwahati",
  "cached": true
}
---
[2026-04-01T11:11:06.590Z] [DEBUG] Weather cache hit
{
  "city": "Guwahati",
  "cached": true
}
---
[2026-04-01T11:11:06.682Z] [DEBUG] Weather cache hit
{
  "city": "Guwahati",
  "cached": true
}
---
[2026-04-01T11:11:06.683Z] [DEBUG] Forecast cache hit
{
  "city": "Guwahati",
  "cached": true
}
---
[2026-04-01T11:11:19.038Z] [DEBUG] Weather cache hit
{
  "city": "Guwahati",
  "cached": true
}
---
[2026-04-01T11:11:19.253Z] [DEBUG] Weather cache hit
{
  "city": "Guwahati",
  "cached": true
}
---
[2026-04-01T11:11:20.794Z] [DEBUG] Claims retrieved
{
  "userId": "69bb993fb4ee466916f2b02d",
  "count": 0
}
---
[2026-04-01T11:11:21.016Z] [DEBUG] Claims retrieved
{
  "userId": "69bb993fb4ee466916f2b02d",
  "count": 0
}
---
[2026-04-01T11:11:27.618Z] [DEBUG] Claims retrieved
{
  "userId": "69bb993fb4ee466916f2b02d",
  "count": 0
}
---
[2026-04-01T11:11:27.778Z] [DEBUG] Claims retrieved
{
  "userId": "69bb993fb4ee466916f2b02d",
  "count": 0
}
---
[2026-04-01T11:14:08.648Z] [DEBUG] Weather cache hit
{
  "city": "Guwahati",
  "cached": true
}
---
[2026-04-01T11:14:09.057Z] [DEBUG] Weather cache hit
{
  "city": "Guwahati",
  "cached": true
}
---
[2026-04-01T11:15:09.332Z] [DEBUG] Weather cache hit
{
  "city": "Guwahati",
  "cached": true
}
---
[2026-04-01T11:16:10.291Z] [DEBUG] Weather cache hit
{
  "city": "Guwahati",
  "cached": true
}
---
[2026-04-01T11:17:09.752Z] [DEBUG] Fetching current weather from API
{
  "city": "Guwahati"
}
---
[2026-04-01T11:17:10.167Z] [INFO] Current weather fetched successfully
{
  "city": "Guwahati",
  "temp": 26.95,
  "condition": "Haze"
}
---
[2026-04-01T11:18:09.294Z] [DEBUG] Weather cache hit
{
  "city": "Guwahati",
  "cached": true
}
---
[2026-04-01T11:19:09.358Z] [DEBUG] Weather cache hit
{
  "city": "Guwahati",
  "cached": true
}
---
[2026-04-01T11:20:09.374Z] [DEBUG] Weather cache hit
{
  "city": "Guwahati",
  "cached": true
}
---
[2026-04-01T11:21:09.361Z] [DEBUG] Weather cache hit
{
  "city": "Guwahati",
  "cached": true
}
---
[2026-04-01T11:22:12.524Z] [DEBUG] Weather cache hit
{
  "city": "Guwahati",
  "cached": true
}
---
[2026-04-01T11:23:12.428Z] [DEBUG] Weather cache hit
{
  "city": "Guwahati",
  "cached": true
}
---
[2026-04-01T11:24:12.246Z] [DEBUG] Weather cache hit
{
  "city": "Guwahati",
  "cached": true
}
---
[2026-04-01T11:25:12.366Z] [DEBUG] Weather cache hit
{
  "city": "Guwahati",
  "cached": true
}
---
[2026-04-01T11:25:15.537Z] [DEBUG] Claims retrieved
{
  "userId": "69bb993fb4ee466916f2b02d",
  "count": 0
}
---
[2026-04-01T11:25:16.042Z] [DEBUG] Claims retrieved
{
  "userId": "69bb993fb4ee466916f2b02d",
  "count": 0
}
---
[2026-04-01T11:25:17.877Z] [INFO] Claim auto request received
{
  "userId": "69bb993fb4ee466916f2b02d",
  "ip": "::1",
  "timestamp": "2026-04-01T11:25:17.876Z"
}
---
[2026-04-01T11:25:17.878Z] [INFO] Starting automation for user
{
  "userId": "69bb993fb4ee466916f2b02d"
}
---
[2026-04-01T11:25:18.192Z] [DEBUG] Weather cache hit
{
  "city": "Guwahati",
  "cached": true
}
---
[2026-04-01T11:25:18.194Z] [DEBUG] Weekly claim counter reset
{
  "userId": "69bb993fb4ee466916f2b02d",
  "previousWeek": null,
  "currentWeek": "2026-03-29"
}
---
[2026-04-01T11:25:18.534Z] [DEBUG] Fetching 5-day forecast from API
{
  "city": "Guwahati"
}
---
[2026-04-01T11:25:19.077Z] [INFO] 5-day forecast fetched successfully
{
  "city": "Guwahati",
  "forecastItems": 40
}
---
[2026-04-01T11:25:19.154Z] [INFO] Claim decision made
{
  "userId": "69bb993fb4ee466916f2b02d",
  "city": "Guwahati",
  "rainMm": 0,
  "threshold": 5.1,
  "decision": "NO_CLAIM_BELOW_THRESHOLD"
}
---
[2026-04-01T11:25:19.156Z] [INFO] Claim automation completed successfully
{
  "userId": "69bb993fb4ee466916f2b02d",
  "city": "Guwahati",
  "rainMm": 0,
  "claimCreated": false,
  "claimDecision": "NO_CLAIM"
}
---
[2026-04-01T11:25:19.381Z] [DEBUG] Claims retrieved
{
  "userId": "69bb993fb4ee466916f2b02d",
  "count": 0
}
---
[2026-04-01T11:25:21.457Z] [DEBUG] Weather cache hit
{
  "city": "Guwahati",
  "cached": true
}
---
[2026-04-01T11:25:21.670Z] [DEBUG] Weather cache hit
{
  "city": "Guwahati",
  "cached": true
}
---
[2026-04-01T11:25:24.539Z] [DEBUG] Claims retrieved
{
  "userId": "69bb993fb4ee466916f2b02d",
  "count": 0
}
---
[2026-04-01T11:25:24.892Z] [DEBUG] Claims retrieved
{
  "userId": "69bb993fb4ee466916f2b02d",
  "count": 0
}
---
[2026-04-01T11:25:35.838Z] [INFO] Starting automation for user
{
  "userId": "69bb993fb4ee466916f2b02d"
}
---
[2026-04-01T11:25:35.908Z] [DEBUG] Weather cache hit
{
  "city": "Guwahati",
  "cached": true
}
---
[2026-04-01T11:25:35.911Z] [DEBUG] Weekly claim counter reset
{
  "userId": "69bb993fb4ee466916f2b02d",
  "previousWeek": null,
  "currentWeek": "2026-03-29"
}
---
[2026-04-01T11:25:36.229Z] [DEBUG] Forecast cache hit
{
  "city": "Guwahati",
  "cached": true
}
---
[2026-04-01T11:25:36.322Z] [INFO] Claim decision made
{
  "userId": "69bb993fb4ee466916f2b02d",
  "city": "Guwahati",
  "rainMm": 0,
  "threshold": 5.1,
  "decision": "NO_CLAIM_BELOW_THRESHOLD"
}
---
[2026-04-01T11:25:36.585Z] [DEBUG] Forecast cache hit
{
  "city": "Guwahati",
  "cached": true
}
---
[2026-04-01T11:25:37.335Z] [INFO] Starting automation for user
{
  "userId": "69bb993fb4ee466916f2b02d"
}
---
[2026-04-01T11:25:37.403Z] [DEBUG] Weather cache hit
{
  "city": "Guwahati",
  "cached": true
}
---
[2026-04-01T11:25:37.404Z] [DEBUG] Weekly claim counter reset
{
  "userId": "69bb993fb4ee466916f2b02d",
  "previousWeek": null,
  "currentWeek": "2026-03-29"
}
---
[2026-04-01T11:25:37.682Z] [DEBUG] Forecast cache hit
{
  "city": "Guwahati",
  "cached": true
}
---
[2026-04-01T11:25:37.687Z] [DEBUG] Claims retrieved
{
  "userId": "69bb993fb4ee466916f2b02d",
  "count": 0
}
---
[2026-04-01T11:25:37.773Z] [INFO] Claim decision made
{
  "userId": "69bb993fb4ee466916f2b02d",
  "city": "Guwahati",
  "rainMm": 0,
  "threshold": 5.1,
  "decision": "NO_CLAIM_BELOW_THRESHOLD"
}
---
[2026-04-01T11:25:37.780Z] [DEBUG] Weather cache hit
{
  "city": "Guwahati",
  "cached": true
}
---
[2026-04-01T11:25:37.808Z] [DEBUG] Forecast cache hit
{
  "city": "Guwahati",
  "cached": true
}
---
[2026-04-01T11:25:38.055Z] [DEBUG] Weather cache hit
{
  "city": "Guwahati",
  "cached": true
}
---
[2026-04-01T11:25:38.141Z] [DEBUG] Weather cache hit
{
  "city": "Guwahati",
  "cached": true
}
---
[2026-04-01T11:25:38.144Z] [DEBUG] Forecast cache hit
{
  "city": "Guwahati",
  "cached": true
}
---
[2026-04-01T11:25:38.265Z] [DEBUG] Claims retrieved
{
  "userId": "69bb993fb4ee466916f2b02d",
  "count": 0
}
---
[2026-04-01T11:25:38.268Z] [DEBUG] Weather cache hit
{
  "city": "Guwahati",
  "cached": true
}
---
[2026-04-01T11:25:38.555Z] [DEBUG] Weather cache hit
{
  "city": "Guwahati",
  "cached": true
}
---
[2026-04-01T11:25:38.620Z] [DEBUG] Weather cache hit
{
  "city": "Guwahati",
  "cached": true
}
---
[2026-04-01T11:25:38.622Z] [DEBUG] Forecast cache hit
{
  "city": "Guwahati",
  "cached": true
}
---
[2026-04-01T11:26:12.476Z] [DEBUG] Weather cache hit
{
  "city": "Guwahati",
  "cached": true
}
---
[2026-04-01T11:27:12.707Z] [DEBUG] Fetching current weather from API
{
  "city": "Guwahati"
}
---
[2026-04-01T11:27:13.334Z] [INFO] Current weather fetched successfully
{
  "city": "Guwahati",
  "temp": 26.95,
  "condition": "Haze"
}
---
[2026-04-01T11:27:31.001Z] [DEBUG] Claims retrieved
{
  "userId": "69bb993fb4ee466916f2b02d",
  "count": 0
}
---
[2026-04-01T11:27:31.319Z] [DEBUG] Claims retrieved
{
  "userId": "69bb993fb4ee466916f2b02d",
  "count": 0
}
---
[2026-04-01T11:27:33.193Z] [INFO] Claim auto request received
{
  "userId": "69bb993fb4ee466916f2b02d",
  "ip": "::1",
  "timestamp": "2026-04-01T11:27:33.192Z"
}
---
[2026-04-01T11:27:33.194Z] [INFO] Starting automation for user
{
  "userId": "69bb993fb4ee466916f2b02d"
}
---
[2026-04-01T11:27:33.279Z] [DEBUG] Weather cache hit
{
  "city": "Guwahati",
  "cached": true
}
---
[2026-04-01T11:27:33.281Z] [DEBUG] Weekly claim counter reset
{
  "userId": "69bb993fb4ee466916f2b02d",
  "previousWeek": null,
  "currentWeek": "2026-03-29"
}
---
[2026-04-01T11:27:33.702Z] [DEBUG] Forecast cache hit
{
  "city": "Guwahati",
  "cached": true
}
---
[2026-04-01T11:27:33.753Z] [INFO] Claim decision made
{
  "userId": "69bb993fb4ee466916f2b02d",
  "city": "Guwahati",
  "rainMm": 0,
  "threshold": 5.1,
  "decision": "NO_CLAIM_BELOW_THRESHOLD"
}
---
[2026-04-01T11:27:33.755Z] [INFO] Claim automation completed successfully
{
  "userId": "69bb993fb4ee466916f2b02d",
  "city": "Guwahati",
  "rainMm": 0,
  "claimCreated": false,
  "claimDecision": "NO_CLAIM"
}
---
[2026-04-01T11:27:33.994Z] [DEBUG] Claims retrieved
{
  "userId": "69bb993fb4ee466916f2b02d",
  "count": 0
}
---
[2026-04-01T11:27:36.311Z] [DEBUG] Claims retrieved
{
  "userId": "69bb993fb4ee466916f2b02d",
  "count": 0
}
---
[2026-04-01T11:27:36.555Z] [DEBUG] Claims retrieved
{
  "userId": "69bb993fb4ee466916f2b02d",
  "count": 0
}
---
[2026-04-01T11:28:28.910Z] [DEBUG] Fetching 5-day forecast from API
{
  "city": "Guwahati"
}
---
[2026-04-01T11:28:29.329Z] [INFO] 5-day forecast fetched successfully
{
  "city": "Guwahati",
  "forecastItems": 40
}
---
[2026-04-01T11:28:29.775Z] [DEBUG] Forecast cache hit
{
  "city": "Guwahati",
  "cached": true
}
---
[2026-04-01T11:28:30.015Z] [ERROR] Failed to retrieve claims
{
  "userId": "69bb993fb4ee466916f2b02d",
  "error": "userId is not defined"
}
---
[2026-04-01T11:28:30.023Z] [ERROR] userId is not defined
{
  "statusCode": 500,
  "errorCode": "CLAIM_RETRIEVAL_FAILED",
  "userId": "69bb993fb4ee466916f2b02d",
  "path": "/api/claim/my",
  "method": "GET",
  "ip": "::1",
  "stack": "ReferenceError: userId is not defined\n    at listMyClaims (D:\\ctkmani\\ctkmani\\server\\controllers\\claimController.js:70:15)\n    at process.processTicksAndRejections (node:internal/process/task_queues:105:5)"
}
---
[2026-04-01T11:28:30.067Z] [DEBUG] Fetching current weather from API
{
  "city": "Guwahati"
}
---
[2026-04-01T11:28:30.138Z] [DEBUG] Fetching current weather from API
{
  "city": "Guwahati"
}
---
[2026-04-01T11:28:30.148Z] [DEBUG] Forecast cache hit
{
  "city": "Guwahati",
  "cached": true
}
---
[2026-04-01T11:28:30.156Z] [INFO] Current weather fetched successfully
{
  "city": "Guwahati",
  "temp": 26.95,
  "condition": "Haze"
}
---
[2026-04-01T11:28:30.179Z] [ERROR] Failed to retrieve claims
{
  "userId": "69bb993fb4ee466916f2b02d",
  "error": "userId is not defined"
}
---
[2026-04-01T11:28:30.181Z] [ERROR] userId is not defined
{
  "statusCode": 500,
  "errorCode": "CLAIM_RETRIEVAL_FAILED",
  "userId": "69bb993fb4ee466916f2b02d",
  "path": "/api/claim/my",
  "method": "GET",
  "ip": "::1",
  "stack": "ReferenceError: userId is not defined\n    at listMyClaims (D:\\ctkmani\\ctkmani\\server\\controllers\\claimController.js:70:15)\n    at process.processTicksAndRejections (node:internal/process/task_queues:105:5)"
}
---
[2026-04-01T11:28:30.194Z] [DEBUG] Weather cache hit
{
  "city": "Guwahati",
  "cached": true
}
---
[2026-04-01T11:28:30.384Z] [INFO] Current weather fetched successfully
{
  "city": "Guwahati",
  "temp": 26.95,
  "condition": "Haze"
}
---
[2026-04-01T11:28:30.602Z] [DEBUG] Weather cache hit
{
  "city": "Guwahati",
  "cached": true
}
---
[2026-04-01T11:28:30.605Z] [DEBUG] Forecast cache hit
{
  "city": "Guwahati",
  "cached": true
}
---
[2026-04-01T11:28:34.290Z] [ERROR] Failed to retrieve claims
{
  "userId": "69bb993fb4ee466916f2b02d",
  "error": "userId is not defined"
}
---
[2026-04-01T11:28:34.292Z] [ERROR] userId is not defined
{
  "statusCode": 500,
  "errorCode": "CLAIM_RETRIEVAL_FAILED",
  "userId": "69bb993fb4ee466916f2b02d",
  "path": "/api/claim/my",
  "method": "GET",
  "ip": "::1",
  "stack": "ReferenceError: userId is not defined\n    at listMyClaims (D:\\ctkmani\\ctkmani\\server\\controllers\\claimController.js:70:15)\n    at process.processTicksAndRejections (node:internal/process/task_queues:105:5)"
}
---
[2026-04-01T11:28:34.772Z] [ERROR] Failed to retrieve claims
{
  "userId": "69bb993fb4ee466916f2b02d",
  "error": "userId is not defined"
}
---
[2026-04-01T11:28:34.777Z] [ERROR] userId is not defined
{
  "statusCode": 500,
  "errorCode": "CLAIM_RETRIEVAL_FAILED",
  "userId": "69bb993fb4ee466916f2b02d",
  "path": "/api/claim/my",
  "method": "GET",
  "ip": "::1",
  "stack": "ReferenceError: userId is not defined\n    at listMyClaims (D:\\ctkmani\\ctkmani\\server\\controllers\\claimController.js:70:15)\n    at process.processTicksAndRejections (node:internal/process/task_queues:105:5)"
}
---
[2026-04-01T11:28:44.045Z] [DEBUG] Weather cache hit
{
  "city": "Guwahati",
  "cached": true
}
---
[2026-04-01T11:28:44.491Z] [DEBUG] Weather cache hit
{
  "city": "Guwahati",
  "cached": true
}
---
[2026-04-01T11:29:00.036Z] [DEBUG] Fetching 5-day forecast from API
{
  "city": "srinagar"
}
---
[2026-04-01T11:29:00.314Z] [INFO] 5-day forecast fetched successfully
{
  "city": "srinagar",
  "forecastItems": 40
}
---
[2026-04-01T11:29:00.949Z] [DEBUG] Forecast cache hit
{
  "city": "srinagar",
  "cached": true
}
---
[2026-04-01T11:29:01.284Z] [ERROR] Failed to retrieve claims
{
  "userId": "69ba2ebd4834ce594366687b",
  "error": "userId is not defined"
}
---
[2026-04-01T11:29:01.290Z] [ERROR] userId is not defined
{
  "statusCode": 500,
  "errorCode": "CLAIM_RETRIEVAL_FAILED",
  "userId": "69ba2ebd4834ce594366687b",
  "path": "/api/claim/my",
  "method": "GET",
  "ip": "::1",
  "stack": "ReferenceError: userId is not defined\n    at listMyClaims (D:\\ctkmani\\ctkmani\\server\\controllers\\claimController.js:70:15)\n    at process.processTicksAndRejections (node:internal/process/task_queues:105:5)"
}
---
[2026-04-01T11:29:01.332Z] [DEBUG] Fetching current weather from API
{
  "city": "srinagar"
}
---
[2026-04-01T11:29:01.435Z] [DEBUG] Fetching current weather from API
{
  "city": "srinagar"
}
---
[2026-04-01T11:29:01.442Z] [DEBUG] Forecast cache hit
{
  "city": "srinagar",
  "cached": true
}
---
[2026-04-01T11:29:01.444Z] [INFO] Current weather fetched successfully
{
  "city": "srinagar",
  "temp": 19.34,
  "condition": "Clouds"
}
---
[2026-04-01T11:29:01.478Z] [ERROR] Failed to retrieve claims
{
  "userId": "69ba2ebd4834ce594366687b",
  "error": "userId is not defined"
}
---
[2026-04-01T11:29:01.480Z] [ERROR] userId is not defined
{
  "statusCode": 500,
  "errorCode": "CLAIM_RETRIEVAL_FAILED",
  "userId": "69ba2ebd4834ce594366687b",
  "path": "/api/claim/my",
  "method": "GET",
  "ip": "::1",
  "stack": "ReferenceError: userId is not defined\n    at listMyClaims (D:\\ctkmani\\ctkmani\\server\\controllers\\claimController.js:70:15)\n    at process.processTicksAndRejections (node:internal/process/task_queues:105:5)"
}
---
[2026-04-01T11:29:01.629Z] [DEBUG] Weather cache hit
{
  "city": "srinagar",
  "cached": true
}
---
[2026-04-01T11:29:01.743Z] [INFO] Current weather fetched successfully
{
  "city": "srinagar",
  "temp": 19.34,
  "condition": "Clouds"
}
---
[2026-04-01T11:29:02.193Z] [DEBUG] Weather cache hit
{
  "city": "srinagar",
  "cached": true
}
---
[2026-04-01T11:29:02.194Z] [DEBUG] Forecast cache hit
{
  "city": "srinagar",
  "cached": true
}
---
[2026-04-01T11:29:10.351Z] [ERROR] Failed to retrieve claims
{
  "userId": "69ba2ebd4834ce594366687b",
  "error": "userId is not defined"
}
---
[2026-04-01T11:29:10.352Z] [ERROR] userId is not defined
{
  "statusCode": 500,
  "errorCode": "CLAIM_RETRIEVAL_FAILED",
  "userId": "69ba2ebd4834ce594366687b",
  "path": "/api/claim/my",
  "method": "GET",
  "ip": "::1",
  "stack": "ReferenceError: userId is not defined\n    at listMyClaims (D:\\ctkmani\\ctkmani\\server\\controllers\\claimController.js:70:15)\n    at process.processTicksAndRejections (node:internal/process/task_queues:105:5)"
}
---
[2026-04-01T11:29:10.477Z] [ERROR] Failed to retrieve claims
{
  "userId": "69ba2ebd4834ce594366687b",
  "error": "userId is not defined"
}
---
[2026-04-01T11:29:10.479Z] [ERROR] userId is not defined
{
  "statusCode": 500,
  "errorCode": "CLAIM_RETRIEVAL_FAILED",
  "userId": "69ba2ebd4834ce594366687b",
  "path": "/api/claim/my",
  "method": "GET",
  "ip": "::1",
  "stack": "ReferenceError: userId is not defined\n    at listMyClaims (D:\\ctkmani\\ctkmani\\server\\controllers\\claimController.js:70:15)\n    at process.processTicksAndRejections (node:internal/process/task_queues:105:5)"
}
---
[2026-04-01T11:29:18.993Z] [DEBUG] Weather cache hit
{
  "city": "srinagar",
  "cached": true
}
---
[2026-04-01T11:29:19.238Z] [DEBUG] Weather cache hit
{
  "city": "srinagar",
  "cached": true
}
---
[2026-04-01T11:29:20.766Z] [ERROR] Failed to retrieve claims
{
  "userId": "69ba2ebd4834ce594366687b",
  "error": "userId is not defined"
}
---
[2026-04-01T11:29:20.768Z] [ERROR] userId is not defined
{
  "statusCode": 500,
  "errorCode": "CLAIM_RETRIEVAL_FAILED",
  "userId": "69ba2ebd4834ce594366687b",
  "path": "/api/claim/my",
  "method": "GET",
  "ip": "::1",
  "stack": "ReferenceError: userId is not defined\n    at listMyClaims (D:\\ctkmani\\ctkmani\\server\\controllers\\claimController.js:70:15)\n    at process.processTicksAndRejections (node:internal/process/task_queues:105:5)"
}
---
[2026-04-01T11:29:20.902Z] [ERROR] Failed to retrieve claims
{
  "userId": "69ba2ebd4834ce594366687b",
  "error": "userId is not defined"
}
---
[2026-04-01T11:29:20.905Z] [ERROR] userId is not defined
{
  "statusCode": 500,
  "errorCode": "CLAIM_RETRIEVAL_FAILED",
  "userId": "69ba2ebd4834ce594366687b",
  "path": "/api/claim/my",
  "method": "GET",
  "ip": "::1",
  "stack": "ReferenceError: userId is not defined\n    at listMyClaims (D:\\ctkmani\\ctkmani\\server\\controllers\\claimController.js:70:15)\n    at process.processTicksAndRejections (node:internal/process/task_queues:105:5)"
}
---
[2026-04-01T11:29:23.040Z] [INFO] Claim auto request received
{
  "userId": "69ba2ebd4834ce594366687b",
  "ip": "::1",
  "timestamp": "2026-04-01T11:29:23.039Z"
}
---
[2026-04-01T11:29:23.154Z] [DEBUG] Weather cache hit
{
  "city": "srinagar",
  "cached": true
}
---
[2026-04-01T11:29:23.334Z] [INFO] Claim eligibility evaluated
{
  "userId": "69ba2ebd4834ce594366687b",
  "city": "srinagar",
  "rain": 0,
  "threshold": 0.3,
  "decision": "NOT_ELIGIBLE",
  "status": "none"
}
---
[2026-04-01T11:29:23.336Z] [INFO] Claim automation completed successfully
{
  "userId": "69ba2ebd4834ce594366687b",
  "city": "srinagar",
  "rainMm": 0,
  "claimCreated": false
}
---
[2026-04-01T11:29:23.987Z] [ERROR] Failed to retrieve claims
{
  "userId": "69ba2ebd4834ce594366687b",
  "error": "userId is not defined"
}
---
[2026-04-01T11:29:23.988Z] [ERROR] userId is not defined
{
  "statusCode": 500,
  "errorCode": "CLAIM_RETRIEVAL_FAILED",
  "userId": "69ba2ebd4834ce594366687b",
  "path": "/api/claim/my",
  "method": "GET",
  "ip": "::1",
  "stack": "ReferenceError: userId is not defined\n    at listMyClaims (D:\\ctkmani\\ctkmani\\server\\controllers\\claimController.js:70:15)\n    at process.processTicksAndRejections (node:internal/process/task_queues:105:5)"
}
---
[2026-04-01T11:29:26.776Z] [ERROR] Failed to retrieve claims
{
  "userId": "69ba2ebd4834ce594366687b",
  "error": "userId is not defined"
}
---
[2026-04-01T11:29:26.778Z] [ERROR] userId is not defined
{
  "statusCode": 500,
  "errorCode": "CLAIM_RETRIEVAL_FAILED",
  "userId": "69ba2ebd4834ce594366687b",
  "path": "/api/claim/my",
  "method": "GET",
  "ip": "::1",
  "stack": "ReferenceError: userId is not defined\n    at listMyClaims (D:\\ctkmani\\ctkmani\\server\\controllers\\claimController.js:70:15)\n    at process.processTicksAndRejections (node:internal/process/task_queues:105:5)"
}
---
[2026-04-01T11:29:27.229Z] [ERROR] Failed to retrieve claims
{
  "userId": "69ba2ebd4834ce594366687b",
  "error": "userId is not defined"
}
---
[2026-04-01T11:29:27.231Z] [ERROR] userId is not defined
{
  "statusCode": 500,
  "errorCode": "CLAIM_RETRIEVAL_FAILED",
  "userId": "69ba2ebd4834ce594366687b",
  "path": "/api/claim/my",
  "method": "GET",
  "ip": "::1",
  "stack": "ReferenceError: userId is not defined\n    at listMyClaims (D:\\ctkmani\\ctkmani\\server\\controllers\\claimController.js:70:15)\n    at process.processTicksAndRejections (node:internal/process/task_queues:105:5)"
}
---
[2026-04-01T11:30:01.221Z] [DEBUG] Fetching 5-day forecast from API
{
  "city": "Bangalore"
}
---
[2026-04-01T11:30:01.666Z] [INFO] 5-day forecast fetched successfully
{
  "city": "Bangalore",
  "forecastItems": 40
}
---
[2026-04-01T11:30:02.244Z] [DEBUG] Forecast cache hit
{
  "city": "Bangalore",
  "cached": true
}
---
[2026-04-01T11:30:02.774Z] [ERROR] Failed to retrieve claims
{
  "userId": "69cd01b569a5d36d73c9aed3",
  "error": "userId is not defined"
}
---
[2026-04-01T11:30:02.782Z] [ERROR] userId is not defined
{
  "statusCode": 500,
  "errorCode": "CLAIM_RETRIEVAL_FAILED",
  "userId": "69cd01b569a5d36d73c9aed3",
  "path": "/api/claim/my",
  "method": "GET",
  "ip": "::1",
  "stack": "ReferenceError: userId is not defined\n    at listMyClaims (D:\\ctkmani\\ctkmani\\server\\controllers\\claimController.js:70:15)\n    at process.processTicksAndRejections (node:internal/process/task_queues:105:5)"
}
---
[2026-04-01T11:30:02.976Z] [DEBUG] Fetching current weather from API
{
  "city": "Bangalore"
}
---
[2026-04-01T11:30:02.986Z] [DEBUG] Weather cache hit
{
  "city": "srinagar",
  "cached": true
}
---
[2026-04-01T11:30:02.987Z] [DEBUG] Forecast cache hit
{
  "city": "srinagar",
  "cached": true
}
---
[2026-04-01T11:30:03.362Z] [ERROR] Failed to retrieve claims
{
  "userId": "69cd01b569a5d36d73c9aed3",
  "error": "userId is not defined"
}
---
[2026-04-01T11:30:03.363Z] [ERROR] userId is not defined
{
  "statusCode": 500,
  "errorCode": "CLAIM_RETRIEVAL_FAILED",
  "userId": "69cd01b569a5d36d73c9aed3",
  "path": "/api/claim/my",
  "method": "GET",
  "ip": "::1",
  "stack": "ReferenceError: userId is not defined\n    at listMyClaims (D:\\ctkmani\\ctkmani\\server\\controllers\\claimController.js:70:15)\n    at process.processTicksAndRejections (node:internal/process/task_queues:105:5)"
}
---
[2026-04-01T11:30:03.412Z] [INFO] Current weather fetched successfully
{
  "city": "Bangalore",
  "temp": 32.67,
  "condition": "Clouds"
}
---
[2026-04-01T11:30:03.915Z] [DEBUG] Weather cache hit
{
  "city": "srinagar",
  "cached": true
}
---
[2026-04-01T11:30:03.917Z] [DEBUG] Forecast cache hit
{
  "city": "srinagar",
  "cached": true
}
---
[2026-04-01T11:30:03.924Z] [DEBUG] Weather cache hit
{
  "city": "Bangalore",
  "cached": true
}
---
[2026-04-01T11:30:41.860Z] [DEBUG] Forecast cache hit
{
  "city": "Guwahati",
  "cached": true
}
---
[2026-04-01T11:30:42.095Z] [DEBUG] Weather cache hit
{
  "city": "Guwahati",
  "cached": true
}
---
[2026-04-01T11:30:42.098Z] [DEBUG] Forecast cache hit
{
  "city": "Guwahati",
  "cached": true
}
---
[2026-04-01T11:31:00.519Z] [ERROR] Failed to retrieve claims
{
  "userId": "69cd01b569a5d36d73c9aed3",
  "error": "userId is not defined"
}
---
[2026-04-01T11:31:00.520Z] [ERROR] userId is not defined
{
  "statusCode": 500,
  "errorCode": "CLAIM_RETRIEVAL_FAILED",
  "userId": "69cd01b569a5d36d73c9aed3",
  "path": "/api/claim/my",
  "method": "GET",
  "ip": "::1",
  "stack": "ReferenceError: userId is not defined\n    at listMyClaims (D:\\ctkmani\\ctkmani\\server\\controllers\\claimController.js:70:15)\n    at process.processTicksAndRejections (node:internal/process/task_queues:105:5)"
}
---
[2026-04-01T11:31:00.642Z] [DEBUG] Weather cache hit
{
  "city": "Guwahati",
  "cached": true
}
---
[2026-04-01T11:31:05.327Z] [DEBUG] Forecast cache hit
{
  "city": "Guwahati",
  "cached": true
}
---
[2026-04-01T11:31:05.833Z] [DEBUG] Weather cache hit
{
  "city": "Guwahati",
  "cached": true
}
---
[2026-04-01T11:31:05.835Z] [DEBUG] Forecast cache hit
{
  "city": "Guwahati",
  "cached": true
}
---
[2026-04-01T11:31:16.602Z] [DEBUG] Forecast cache hit
{
  "city": "Guwahati",
  "cached": true
}
---
[2026-04-01T11:31:16.989Z] [DEBUG] Forecast cache hit
{
  "city": "Guwahati",
  "cached": true
}
---
[2026-04-01T11:31:17.284Z] [ERROR] Failed to retrieve claims
{
  "userId": "69cd01b569a5d36d73c9aed3",
  "error": "userId is not defined"
}
---
[2026-04-01T11:31:17.292Z] [ERROR] userId is not defined
{
  "statusCode": 500,
  "errorCode": "CLAIM_RETRIEVAL_FAILED",
  "userId": "69cd01b569a5d36d73c9aed3",
  "path": "/api/claim/my",
  "method": "GET",
  "ip": "::1",
  "stack": "ReferenceError: userId is not defined\n    at listMyClaims (D:\\ctkmani\\ctkmani\\server\\controllers\\claimController.js:70:15)\n    at process.processTicksAndRejections (node:internal/process/task_queues:105:5)"
}
---
[2026-04-01T11:31:17.349Z] [DEBUG] Weather cache hit
{
  "city": "Guwahati",
  "cached": true
}
---
[2026-04-01T11:31:17.416Z] [DEBUG] Weather cache hit
{
  "city": "Guwahati",
  "cached": true
}
---
[2026-04-01T11:31:17.417Z] [DEBUG] Forecast cache hit
{
  "city": "Guwahati",
  "cached": true
}
---
[2026-04-01T11:31:17.563Z] [ERROR] Failed to retrieve claims
{
  "userId": "69cd01b569a5d36d73c9aed3",
  "error": "userId is not defined"
}
---
[2026-04-01T11:31:17.564Z] [ERROR] userId is not defined
{
  "statusCode": 500,
  "errorCode": "CLAIM_RETRIEVAL_FAILED",
  "userId": "69cd01b569a5d36d73c9aed3",
  "path": "/api/claim/my",
  "method": "GET",
  "ip": "::1",
  "stack": "ReferenceError: userId is not defined\n    at listMyClaims (D:\\ctkmani\\ctkmani\\server\\controllers\\claimController.js:70:15)\n    at process.processTicksAndRejections (node:internal/process/task_queues:105:5)"
}
---
[2026-04-01T11:31:17.568Z] [DEBUG] Weather cache hit
{
  "city": "Guwahati",
  "cached": true
}
---
[2026-04-01T11:31:17.657Z] [DEBUG] Weather cache hit
{
  "city": "Guwahati",
  "cached": true
}
---
[2026-04-01T11:31:17.659Z] [DEBUG] Forecast cache hit
{
  "city": "Guwahati",
  "cached": true
}
---
[2026-04-01T11:31:22.033Z] [ERROR] Failed to retrieve claims
{
  "userId": "69cd01b569a5d36d73c9aed3",
  "error": "userId is not defined"
}
---
[2026-04-01T11:31:22.036Z] [ERROR] userId is not defined
{
  "statusCode": 500,
  "errorCode": "CLAIM_RETRIEVAL_FAILED",
  "userId": "69cd01b569a5d36d73c9aed3",
  "path": "/api/claim/my",
  "method": "GET",
  "ip": "::1",
  "stack": "ReferenceError: userId is not defined\n    at listMyClaims (D:\\ctkmani\\ctkmani\\server\\controllers\\claimController.js:70:15)\n    at process.processTicksAndRejections (node:internal/process/task_queues:105:5)"
}
---
[2026-04-01T11:31:22.245Z] [ERROR] Failed to retrieve claims
{
  "userId": "69cd01b569a5d36d73c9aed3",
  "error": "userId is not defined"
}
---
[2026-04-01T11:31:22.247Z] [ERROR] userId is not defined
{
  "statusCode": 500,
  "errorCode": "CLAIM_RETRIEVAL_FAILED",
  "userId": "69cd01b569a5d36d73c9aed3",
  "path": "/api/claim/my",
  "method": "GET",
  "ip": "::1",
  "stack": "ReferenceError: userId is not defined\n    at listMyClaims (D:\\ctkmani\\ctkmani\\server\\controllers\\claimController.js:70:15)\n    at process.processTicksAndRejections (node:internal/process/task_queues:105:5)"
}
---
[2026-04-01T11:31:28.339Z] [DEBUG] Weather cache hit
{
  "city": "Guwahati",
  "cached": true
}
---
[2026-04-01T11:31:28.581Z] [DEBUG] Weather cache hit
{
  "city": "Guwahati",
  "cached": true
}
---
[2026-04-01T11:31:29.890Z] [ERROR] Failed to retrieve claims
{
  "userId": "69cd01b569a5d36d73c9aed3",
  "error": "userId is not defined"
}
---
[2026-04-01T11:31:29.892Z] [ERROR] userId is not defined
{
  "statusCode": 500,
  "errorCode": "CLAIM_RETRIEVAL_FAILED",
  "userId": "69cd01b569a5d36d73c9aed3",
  "path": "/api/claim/my",
  "method": "GET",
  "ip": "::1",
  "stack": "ReferenceError: userId is not defined\n    at listMyClaims (D:\\ctkmani\\ctkmani\\server\\controllers\\claimController.js:70:15)\n    at process.processTicksAndRejections (node:internal/process/task_queues:105:5)"
}
---
[2026-04-01T11:31:30.162Z] [ERROR] Failed to retrieve claims
{
  "userId": "69cd01b569a5d36d73c9aed3",
  "error": "userId is not defined"
}
---
[2026-04-01T11:31:30.165Z] [ERROR] userId is not defined
{
  "statusCode": 500,
  "errorCode": "CLAIM_RETRIEVAL_FAILED",
  "userId": "69cd01b569a5d36d73c9aed3",
  "path": "/api/claim/my",
  "method": "GET",
  "ip": "::1",
  "stack": "ReferenceError: userId is not defined\n    at listMyClaims (D:\\ctkmani\\ctkmani\\server\\controllers\\claimController.js:70:15)\n    at process.processTicksAndRejections (node:internal/process/task_queues:105:5)"
}
---
[2026-04-01T11:31:36.716Z] [DEBUG] Weather cache hit
{
  "city": "Guwahati",
  "cached": true
}
---
[2026-04-01T11:31:37.106Z] [DEBUG] Weather cache hit
{
  "city": "Guwahati",
  "cached": true
}
---
[2026-04-01T11:31:52.868Z] [ERROR] Failed to retrieve claims
{
  "userId": "69cd01b569a5d36d73c9aed3",
  "error": "userId is not defined"
}
---
[2026-04-01T11:31:52.869Z] [ERROR] userId is not defined
{
  "statusCode": 500,
  "errorCode": "CLAIM_RETRIEVAL_FAILED",
  "userId": "69cd01b569a5d36d73c9aed3",
  "path": "/api/claim/my",
  "method": "GET",
  "ip": "::1",
  "stack": "ReferenceError: userId is not defined\n    at listMyClaims (D:\\ctkmani\\ctkmani\\server\\controllers\\claimController.js:70:15)\n    at process.processTicksAndRejections (node:internal/process/task_queues:105:5)"
}
---
[2026-04-01T11:31:53.069Z] [ERROR] Failed to retrieve claims
{
  "userId": "69cd01b569a5d36d73c9aed3",
  "error": "userId is not defined"
}
---
[2026-04-01T11:31:53.071Z] [ERROR] userId is not defined
{
  "statusCode": 500,
  "errorCode": "CLAIM_RETRIEVAL_FAILED",
  "userId": "69cd01b569a5d36d73c9aed3",
  "path": "/api/claim/my",
  "method": "GET",
  "ip": "::1",
  "stack": "ReferenceError: userId is not defined\n    at listMyClaims (D:\\ctkmani\\ctkmani\\server\\controllers\\claimController.js:70:15)\n    at process.processTicksAndRejections (node:internal/process/task_queues:105:5)"
}
---
[2026-04-01T11:31:55.694Z] [INFO] Claim auto request received
{
  "userId": "69cd01b569a5d36d73c9aed3",
  "ip": "::1",
  "timestamp": "2026-04-01T11:31:55.692Z"
}
---
[2026-04-01T11:31:55.748Z] [DEBUG] Weather cache hit
{
  "city": "Guwahati",
  "cached": true
}
---
[2026-04-01T11:31:55.860Z] [ERROR] Claim automation failed
{
  "userId": "69cd01b569a5d36d73c9aed3",
  "error": "No active policy. Please activate policy to claim payout.",
  "errorCode": "NO_ACTIVE_POLICY",
  "statusCode": 400
}
---
[2026-04-01T11:31:55.870Z] [ERROR] No active policy. Please activate policy to claim payout.
{
  "statusCode": 400,
  "errorCode": "NO_ACTIVE_POLICY",
  "userId": "69cd01b569a5d36d73c9aed3",
  "path": "/api/claim/auto",
  "method": "POST",
  "ip": "::1",
  "stack": "Error: No active policy. Please activate policy to claim payout.\n    at getActivePolicyOrThrow (D:\\ctkmani\\ctkmani\\server\\services\\claimService.js:16:17)\n    at process.processTicksAndRejections (node:internal/process/task_queues:105:5)\n    at async evaluateClaimEligibility (D:\\ctkmani\\ctkmani\\server\\services\\claimService.js:33:18)\n    at async autoClaim (D:\\ctkmani\\ctkmani\\server\\controllers\\claimController.js:24:20)"
}
---
[2026-04-01T11:31:59.792Z] [DEBUG] Weather cache hit
{
  "city": "Guwahati",
  "cached": true
}
---
[2026-04-01T11:32:00.208Z] [DEBUG] Weather cache hit
{
  "city": "Guwahati",
  "cached": true
}
---
[2026-04-01T11:32:03.274Z] [DEBUG] Weather cache hit
{
  "city": "Guwahati",
  "cached": true
}
---
[2026-04-01T11:32:03.547Z] [DEBUG] Weather cache hit
{
  "city": "Guwahati",
  "cached": true
}
---
[2026-04-01T11:32:15.278Z] [DEBUG] Weather cache hit
{
  "city": "guwahati",
  "cached": true
}
---
[2026-04-01T11:32:15.557Z] [DEBUG] Weather cache hit
{
  "city": "guwahati",
  "cached": true
}
---
[2026-04-01T11:32:18.657Z] [ERROR] Failed to retrieve claims
{
  "userId": "69cd01b569a5d36d73c9aed3",
  "error": "userId is not defined"
}
---
[2026-04-01T11:32:18.659Z] [ERROR] userId is not defined
{
  "statusCode": 500,
  "errorCode": "CLAIM_RETRIEVAL_FAILED",
  "userId": "69cd01b569a5d36d73c9aed3",
  "path": "/api/claim/my",
  "method": "GET",
  "ip": "::1",
  "stack": "ReferenceError: userId is not defined\n    at listMyClaims (D:\\ctkmani\\ctkmani\\server\\controllers\\claimController.js:70:15)\n    at process.processTicksAndRejections (node:internal/process/task_queues:105:5)"
}
---
[2026-04-01T11:32:18.854Z] [ERROR] Failed to retrieve claims
{
  "userId": "69cd01b569a5d36d73c9aed3",
  "error": "userId is not defined"
}
---
[2026-04-01T11:32:18.856Z] [ERROR] userId is not defined
{
  "statusCode": 500,
  "errorCode": "CLAIM_RETRIEVAL_FAILED",
  "userId": "69cd01b569a5d36d73c9aed3",
  "path": "/api/claim/my",
  "method": "GET",
  "ip": "::1",
  "stack": "ReferenceError: userId is not defined\n    at listMyClaims (D:\\ctkmani\\ctkmani\\server\\controllers\\claimController.js:70:15)\n    at process.processTicksAndRejections (node:internal/process/task_queues:105:5)"
}
---
[2026-04-01T11:32:20.819Z] [INFO] Claim auto request received
{
  "userId": "69cd01b569a5d36d73c9aed3",
  "ip": "::1",
  "timestamp": "2026-04-01T11:32:20.818Z"
}
---
[2026-04-01T11:32:20.905Z] [DEBUG] Weather cache hit
{
  "city": "Guwahati",
  "cached": true
}
---
[2026-04-01T11:32:20.999Z] [INFO] Claim eligibility evaluated
{
  "userId": "69cd01b569a5d36d73c9aed3",
  "city": "Guwahati",
  "rain": 0,
  "threshold": 5.1,
  "decision": "NOT_ELIGIBLE",
  "status": "none"
}
---
[2026-04-01T11:32:21.001Z] [INFO] Claim automation completed successfully
{
  "userId": "69cd01b569a5d36d73c9aed3",
  "city": "Guwahati",
  "rainMm": 0,
  "claimCreated": false
}
---
[2026-04-01T11:32:21.250Z] [ERROR] Failed to retrieve claims
{
  "userId": "69cd01b569a5d36d73c9aed3",
  "error": "userId is not defined"
}
---
[2026-04-01T11:32:21.252Z] [ERROR] userId is not defined
{
  "statusCode": 500,
  "errorCode": "CLAIM_RETRIEVAL_FAILED",
  "userId": "69cd01b569a5d36d73c9aed3",
  "path": "/api/claim/my",
  "method": "GET",
  "ip": "::1",
  "stack": "ReferenceError: userId is not defined\n    at listMyClaims (D:\\ctkmani\\ctkmani\\server\\controllers\\claimController.js:70:15)\n    at process.processTicksAndRejections (node:internal/process/task_queues:105:5)"
}
---
[2026-04-01T11:32:24.823Z] [ERROR] Failed to retrieve claims
{
  "userId": "69cd01b569a5d36d73c9aed3",
  "error": "userId is not defined"
}
---
[2026-04-01T11:32:24.825Z] [ERROR] userId is not defined
{
  "statusCode": 500,
  "errorCode": "CLAIM_RETRIEVAL_FAILED",
  "userId": "69cd01b569a5d36d73c9aed3",
  "path": "/api/claim/my",
  "method": "GET",
  "ip": "::1",
  "stack": "ReferenceError: userId is not defined\n    at listMyClaims (D:\\ctkmani\\ctkmani\\server\\controllers\\claimController.js:70:15)\n    at process.processTicksAndRejections (node:internal/process/task_queues:105:5)"
}
---
[2026-04-01T11:32:25.023Z] [ERROR] Failed to retrieve claims
{
  "userId": "69cd01b569a5d36d73c9aed3",
  "error": "userId is not defined"
}
---
[2026-04-01T11:32:25.033Z] [ERROR] userId is not defined
{
  "statusCode": 500,
  "errorCode": "CLAIM_RETRIEVAL_FAILED",
  "userId": "69cd01b569a5d36d73c9aed3",
  "path": "/api/claim/my",
  "method": "GET",
  "ip": "::1",
  "stack": "ReferenceError: userId is not defined\n    at listMyClaims (D:\\ctkmani\\ctkmani\\server\\controllers\\claimController.js:70:15)\n    at process.processTicksAndRejections (node:internal/process/task_queues:105:5)"
}
---
[2026-04-01T11:32:37.370Z] [ERROR] Failed to retrieve claims
{
  "userId": "69cd01b569a5d36d73c9aed3",
  "error": "userId is not defined"
}
---
[2026-04-01T11:32:37.373Z] [ERROR] userId is not defined
{
  "statusCode": 500,
  "errorCode": "CLAIM_RETRIEVAL_FAILED",
  "userId": "69cd01b569a5d36d73c9aed3",
  "path": "/api/claim/my",
  "method": "GET",
  "ip": "::1",
  "stack": "ReferenceError: userId is not defined\n    at listMyClaims (D:\\ctkmani\\ctkmani\\server\\controllers\\claimController.js:70:15)\n    at process.processTicksAndRejections (node:internal/process/task_queues:105:5)"
}
---
[2026-04-01T11:32:37.573Z] [ERROR] Failed to retrieve claims
{
  "userId": "69cd01b569a5d36d73c9aed3",
  "error": "userId is not defined"
}
---
[2026-04-01T11:32:37.575Z] [ERROR] userId is not defined
{
  "statusCode": 500,
  "errorCode": "CLAIM_RETRIEVAL_FAILED",
  "userId": "69cd01b569a5d36d73c9aed3",
  "path": "/api/claim/my",
  "method": "GET",
  "ip": "::1",
  "stack": "ReferenceError: userId is not defined\n    at listMyClaims (D:\\ctkmani\\ctkmani\\server\\controllers\\claimController.js:70:15)\n    at process.processTicksAndRejections (node:internal/process/task_queues:105:5)"
}
---
[2026-04-01T11:32:48.292Z] [DEBUG] Forecast cache hit
{
  "city": "Guwahati",
  "cached": true
}
---
[2026-04-01T11:32:48.572Z] [DEBUG] Forecast cache hit
{
  "city": "Guwahati",
  "cached": true
}
---
[2026-04-01T11:32:48.807Z] [ERROR] Failed to retrieve claims
{
  "userId": "69cd01b569a5d36d73c9aed3",
  "error": "userId is not defined"
}
---
[2026-04-01T11:32:48.812Z] [ERROR] userId is not defined
{
  "statusCode": 500,
  "errorCode": "CLAIM_RETRIEVAL_FAILED",
  "userId": "69cd01b569a5d36d73c9aed3",
  "path": "/api/claim/my",
  "method": "GET",
  "ip": "::1",
  "stack": "ReferenceError: userId is not defined\n    at listMyClaims (D:\\ctkmani\\ctkmani\\server\\controllers\\claimController.js:70:15)\n    at process.processTicksAndRejections (node:internal/process/task_queues:105:5)"
}
---
[2026-04-01T11:32:48.856Z] [DEBUG] Weather cache hit
{
  "city": "Guwahati",
  "cached": true
}
---
[2026-04-01T11:32:48.995Z] [DEBUG] Weather cache hit
{
  "city": "Guwahati",
  "cached": true
}
---
[2026-04-01T11:32:48.996Z] [DEBUG] Forecast cache hit
{
  "city": "Guwahati",
  "cached": true
}
---
[2026-04-01T11:32:49.000Z] [ERROR] Failed to retrieve claims
{
  "userId": "69cd01b569a5d36d73c9aed3",
  "error": "userId is not defined"
}
---
[2026-04-01T11:32:49.002Z] [ERROR] userId is not defined
{
  "statusCode": 500,
  "errorCode": "CLAIM_RETRIEVAL_FAILED",
  "userId": "69cd01b569a5d36d73c9aed3",
  "path": "/api/claim/my",
  "method": "GET",
  "ip": "::1",
  "stack": "ReferenceError: userId is not defined\n    at listMyClaims (D:\\ctkmani\\ctkmani\\server\\controllers\\claimController.js:70:15)\n    at process.processTicksAndRejections (node:internal/process/task_queues:105:5)"
}
---
[2026-04-01T11:32:49.052Z] [DEBUG] Weather cache hit
{
  "city": "Guwahati",
  "cached": true
}
---
[2026-04-01T11:32:49.171Z] [DEBUG] Weather cache hit
{
  "city": "Guwahati",
  "cached": true
}
---
[2026-04-01T11:32:49.173Z] [DEBUG] Forecast cache hit
{
  "city": "Guwahati",
  "cached": true
}
---
[2026-04-01T11:33:07.681Z] [DEBUG] Forecast cache hit
{
  "city": "Guwahati",
  "cached": true
}
---
[2026-04-01T11:33:08.203Z] [DEBUG] Forecast cache hit
{
  "city": "Guwahati",
  "cached": true
}
---
[2026-04-01T11:33:08.515Z] [ERROR] Failed to retrieve claims
{
  "userId": "69cd01b569a5d36d73c9aed3",
  "error": "userId is not defined"
}
---
[2026-04-01T11:33:08.517Z] [ERROR] userId is not defined
{
  "statusCode": 500,
  "errorCode": "CLAIM_RETRIEVAL_FAILED",
  "userId": "69cd01b569a5d36d73c9aed3",
  "path": "/api/claim/my",
  "method": "GET",
  "ip": "::1",
  "stack": "ReferenceError: userId is not defined\n    at listMyClaims (D:\\ctkmani\\ctkmani\\server\\controllers\\claimController.js:70:15)\n    at process.processTicksAndRejections (node:internal/process/task_queues:105:5)"
}
---
[2026-04-01T11:33:08.550Z] [DEBUG] Weather cache hit
{
  "city": "Guwahati",
  "cached": true
}
---
[2026-04-01T11:33:08.738Z] [DEBUG] Weather cache hit
{
  "city": "Guwahati",
  "cached": true
}
---
[2026-04-01T11:33:08.739Z] [DEBUG] Forecast cache hit
{
  "city": "Guwahati",
  "cached": true
}
---
[2026-04-01T11:33:08.835Z] [ERROR] Failed to retrieve claims
{
  "userId": "69cd01b569a5d36d73c9aed3",
  "error": "userId is not defined"
}
---
[2026-04-01T11:33:08.845Z] [ERROR] userId is not defined
{
  "statusCode": 500,
  "errorCode": "CLAIM_RETRIEVAL_FAILED",
  "userId": "69cd01b569a5d36d73c9aed3",
  "path": "/api/claim/my",
  "method": "GET",
  "ip": "::1",
  "stack": "ReferenceError: userId is not defined\n    at listMyClaims (D:\\ctkmani\\ctkmani\\server\\controllers\\claimController.js:70:15)\n    at process.processTicksAndRejections (node:internal/process/task_queues:105:5)"
}
---
[2026-04-01T11:33:08.954Z] [DEBUG] Weather cache hit
{
  "city": "Guwahati",
  "cached": true
}
---
[2026-04-01T11:33:08.956Z] [DEBUG] Forecast cache hit
{
  "city": "Guwahati",
  "cached": true
}
---
[2026-04-01T11:33:08.962Z] [DEBUG] Weather cache hit
{
  "city": "Guwahati",
  "cached": true
}
---
[2026-04-01T11:34:51.944Z] [ERROR] Failed to retrieve claims
{
  "userId": "69cd01b569a5d36d73c9aed3",
  "error": "userId is not defined"
}
---
[2026-04-01T11:34:51.946Z] [ERROR] userId is not defined
{
  "statusCode": 500,
  "errorCode": "CLAIM_RETRIEVAL_FAILED",
  "userId": "69cd01b569a5d36d73c9aed3",
  "path": "/api/claim/my",
  "method": "GET",
  "ip": "::1",
  "stack": "ReferenceError: userId is not defined\n    at listMyClaims (D:\\ctkmani\\ctkmani\\server\\controllers\\claimController.js:70:15)\n    at process.processTicksAndRejections (node:internal/process/task_queues:105:5)"
}
---
[2026-04-01T11:34:52.117Z] [ERROR] Failed to retrieve claims
{
  "userId": "69cd01b569a5d36d73c9aed3",
  "error": "userId is not defined"
}
---
[2026-04-01T11:34:52.118Z] [ERROR] userId is not defined
{
  "statusCode": 500,
  "errorCode": "CLAIM_RETRIEVAL_FAILED",
  "userId": "69cd01b569a5d36d73c9aed3",
  "path": "/api/claim/my",
  "method": "GET",
  "ip": "::1",
  "stack": "ReferenceError: userId is not defined\n    at listMyClaims (D:\\ctkmani\\ctkmani\\server\\controllers\\claimController.js:70:15)\n    at process.processTicksAndRejections (node:internal/process/task_queues:105:5)"
}
---
[2026-04-01T11:34:54.118Z] [DEBUG] Weather cache hit
{
  "city": "Guwahati",
  "cached": true
}
---
[2026-04-01T11:34:54.515Z] [DEBUG] Weather cache hit
{
  "city": "Guwahati",
  "cached": true
}
---
[2026-04-01T11:34:56.698Z] [ERROR] Failed to retrieve claims
{
  "userId": "69cd01b569a5d36d73c9aed3",
  "error": "userId is not defined"
}
---
[2026-04-01T11:34:56.699Z] [ERROR] userId is not defined
{
  "statusCode": 500,
  "errorCode": "CLAIM_RETRIEVAL_FAILED",
  "userId": "69cd01b569a5d36d73c9aed3",
  "path": "/api/claim/my",
  "method": "GET",
  "ip": "::1",
  "stack": "ReferenceError: userId is not defined\n    at listMyClaims (D:\\ctkmani\\ctkmani\\server\\controllers\\claimController.js:70:15)\n    at process.processTicksAndRejections (node:internal/process/task_queues:105:5)"
}
---
[2026-04-01T11:34:56.999Z] [ERROR] Failed to retrieve claims
{
  "userId": "69cd01b569a5d36d73c9aed3",
  "error": "userId is not defined"
}
---
[2026-04-01T11:34:57.000Z] [ERROR] userId is not defined
{
  "statusCode": 500,
  "errorCode": "CLAIM_RETRIEVAL_FAILED",
  "userId": "69cd01b569a5d36d73c9aed3",
  "path": "/api/claim/my",
  "method": "GET",
  "ip": "::1",
  "stack": "ReferenceError: userId is not defined\n    at listMyClaims (D:\\ctkmani\\ctkmani\\server\\controllers\\claimController.js:70:15)\n    at process.processTicksAndRejections (node:internal/process/task_queues:105:5)"
}
---
[2026-04-01T11:35:33.417Z] [DEBUG] Fetching 5-day forecast from API
{
  "city": "Guwahati"
}
---
[2026-04-01T11:35:33.635Z] [INFO] 5-day forecast fetched successfully
{
  "city": "Guwahati",
  "forecastItems": 40
}
---
[2026-04-01T11:35:33.809Z] [DEBUG] Forecast cache hit
{
  "city": "Guwahati",
  "cached": true
}
---
[2026-04-01T11:35:34.052Z] [DEBUG] Claims retrieved
{
  "userId": "69cd01b569a5d36d73c9aed3",
  "count": 0
}
---
[2026-04-01T11:35:34.098Z] [DEBUG] Fetching current weather from API
{
  "city": "Guwahati"
}
---
[2026-04-01T11:35:34.200Z] [INFO] Current weather fetched successfully
{
  "city": "Guwahati",
  "temp": 26.95,
  "condition": "Haze"
}
---
[2026-04-01T11:35:34.210Z] [DEBUG] Claims retrieved
{
  "userId": "69cd01b569a5d36d73c9aed3",
  "count": 0
}
---
[2026-04-01T11:35:34.241Z] [DEBUG] Weather cache hit
{
  "city": "Guwahati",
  "cached": true
}
---
[2026-04-01T11:35:34.366Z] [DEBUG] Weather cache hit
{
  "city": "Guwahati",
  "cached": true
}
---
[2026-04-01T11:35:34.437Z] [DEBUG] Weather cache hit
{
  "city": "Guwahati",
  "cached": true
}
---
[2026-04-01T11:35:34.439Z] [DEBUG] Forecast cache hit
{
  "city": "Guwahati",
  "cached": true
}
---
[2026-04-01T11:35:34.577Z] [DEBUG] Weather cache hit
{
  "city": "Guwahati",
  "cached": true
}
---
[2026-04-01T11:35:34.655Z] [DEBUG] Weather cache hit
{
  "city": "Guwahati",
  "cached": true
}
---
[2026-04-01T11:35:34.657Z] [DEBUG] Forecast cache hit
{
  "city": "Guwahati",
  "cached": true
}
---
[2026-04-01T11:35:40.788Z] [DEBUG] Claims retrieved
{
  "userId": "69cd01b569a5d36d73c9aed3",
  "count": 0
}
---
[2026-04-01T11:35:40.977Z] [DEBUG] Claims retrieved
{
  "userId": "69cd01b569a5d36d73c9aed3",
  "count": 0
}
---
[2026-04-01T11:35:46.641Z] [DEBUG] Weather cache hit
{
  "city": "Guwahati",
  "cached": true
}
---
[2026-04-01T11:35:46.908Z] [DEBUG] Weather cache hit
{
  "city": "Guwahati",
  "cached": true
}
---
[2026-04-01T11:35:48.130Z] [DEBUG] Claims retrieved
{
  "userId": "69cd01b569a5d36d73c9aed3",
  "count": 0
}
---
[2026-04-01T11:35:48.246Z] [DEBUG] Claims retrieved
{
  "userId": "69cd01b569a5d36d73c9aed3",
  "count": 0
}
---
[2026-04-01T11:35:49.996Z] [INFO] Claim auto request received
{
  "userId": "69cd01b569a5d36d73c9aed3",
  "ip": "::1",
  "timestamp": "2026-04-01T11:35:49.996Z"
}
---
[2026-04-01T11:35:50.070Z] [DEBUG] Weather cache hit
{
  "city": "Guwahati",
  "cached": true
}
---
[2026-04-01T11:35:50.249Z] [INFO] Claim eligibility evaluated
{
  "userId": "69cd01b569a5d36d73c9aed3",
  "city": "Guwahati",
  "rain": 0,
  "threshold": 5.1,
  "decision": "NOT_ELIGIBLE",
  "status": "none"
}
---
[2026-04-01T11:35:50.250Z] [INFO] Claim automation completed successfully
{
  "userId": "69cd01b569a5d36d73c9aed3",
  "city": "Guwahati",
  "rainMm": 0,
  "claimCreated": false
}
---
[2026-04-01T11:35:50.412Z] [DEBUG] Claims retrieved
{
  "userId": "69cd01b569a5d36d73c9aed3",
  "count": 0
}
---
[2026-04-01T11:37:14.360Z] [DEBUG] Forecast cache hit
{
  "city": "Guwahati",
  "cached": true
}
---
[2026-04-01T11:37:14.626Z] [DEBUG] Forecast cache hit
{
  "city": "Guwahati",
  "cached": true
}
---
[2026-04-01T11:37:14.769Z] [DEBUG] Claims retrieved
{
  "userId": "69cd01b569a5d36d73c9aed3",
  "count": 0
}
---
[2026-04-01T11:37:14.841Z] [DEBUG] Weather cache hit
{
  "city": "Guwahati",
  "cached": true
}
---
[2026-04-01T11:37:15.006Z] [DEBUG] Weather cache hit
{
  "city": "Guwahati",
  "cached": true
}
---
[2026-04-01T11:37:15.009Z] [DEBUG] Claims retrieved
{
  "userId": "69cd01b569a5d36d73c9aed3",
  "count": 0
}
---
[2026-04-01T11:37:15.079Z] [DEBUG] Weather cache hit
{
  "city": "Guwahati",
  "cached": true
}
---
[2026-04-01T11:37:15.149Z] [DEBUG] Weather cache hit
{
  "city": "Guwahati",
  "cached": true
}
---
[2026-04-01T11:37:15.150Z] [DEBUG] Forecast cache hit
{
  "city": "Guwahati",
  "cached": true
}
---
[2026-04-01T11:37:15.222Z] [DEBUG] Weather cache hit
{
  "city": "Guwahati",
  "cached": true
}
---
[2026-04-01T11:37:15.300Z] [DEBUG] Weather cache hit
{
  "city": "Guwahati",
  "cached": true
}
---
[2026-04-01T11:37:15.301Z] [DEBUG] Forecast cache hit
{
  "city": "Guwahati",
  "cached": true
}
---
[2026-04-01T11:37:21.727Z] [DEBUG] Weather cache hit
{
  "city": "Guwahati",
  "cached": true
}
---
[2026-04-01T11:37:21.829Z] [DEBUG] Weather cache hit
{
  "city": "Guwahati",
  "cached": true
}
---
[2026-04-01T11:37:26.234Z] [DEBUG] Forecast cache hit
{
  "city": "Guwahati",
  "cached": true
}
---
[2026-04-01T11:37:26.458Z] [DEBUG] Forecast cache hit
{
  "city": "Guwahati",
  "cached": true
}
---
[2026-04-01T11:37:26.787Z] [DEBUG] Claims retrieved
{
  "userId": "69cd01b569a5d36d73c9aed3",
  "count": 0
}
---
[2026-04-01T11:37:26.871Z] [DEBUG] Weather cache hit
{
  "city": "Guwahati",
  "cached": true
}
---
[2026-04-01T11:37:27.122Z] [DEBUG] Claims retrieved
{
  "userId": "69cd01b569a5d36d73c9aed3",
  "count": 0
}
---
[2026-04-01T11:37:27.130Z] [DEBUG] Weather cache hit
{
  "city": "Guwahati",
  "cached": true
}
---
[2026-04-01T11:37:27.219Z] [DEBUG] Weather cache hit
{
  "city": "Guwahati",
  "cached": true
}
---
[2026-04-01T11:37:27.305Z] [DEBUG] Weather cache hit
{
  "city": "Guwahati",
  "cached": true
}
---
[2026-04-01T11:37:27.307Z] [DEBUG] Forecast cache hit
{
  "city": "Guwahati",
  "cached": true
}
---
[2026-04-01T11:37:27.515Z] [DEBUG] Weather cache hit
{
  "city": "Guwahati",
  "cached": true
}
---
[2026-04-01T11:37:27.610Z] [DEBUG] Weather cache hit
{
  "city": "Guwahati",
  "cached": true
}
---
[2026-04-01T11:37:27.612Z] [DEBUG] Forecast cache hit
{
  "city": "Guwahati",
  "cached": true
}
---
[2026-04-01T11:37:36.801Z] [DEBUG] Claims retrieved
{
  "userId": "69cd01b569a5d36d73c9aed3",
  "count": 0
}
---
[2026-04-01T11:37:37.044Z] [DEBUG] Claims retrieved
{
  "userId": "69cd01b569a5d36d73c9aed3",
  "count": 0
}
---
[2026-04-01T11:37:38.673Z] [INFO] Claim auto request received
{
  "userId": "69cd01b569a5d36d73c9aed3",
  "ip": "::1",
  "timestamp": "2026-04-01T11:37:38.672Z"
}
---
[2026-04-01T11:37:38.745Z] [DEBUG] Weather cache hit
{
  "city": "Guwahati",
  "cached": true
}
---
[2026-04-01T11:37:38.850Z] [INFO] Claim eligibility evaluated
{
  "userId": "69cd01b569a5d36d73c9aed3",
  "city": "Guwahati",
  "rain": 0,
  "threshold": 5.1,
  "decision": "NOT_ELIGIBLE",
  "status": "none"
}
---
[2026-04-01T11:37:38.851Z] [INFO] Claim automation completed successfully
{
  "userId": "69cd01b569a5d36d73c9aed3",
  "city": "Guwahati",
  "rainMm": 0,
  "claimCreated": false
}
---
[2026-04-01T11:37:38.945Z] [DEBUG] Claims retrieved
{
  "userId": "69cd01b569a5d36d73c9aed3",
  "count": 0
}
---
[2026-04-01T11:37:40.799Z] [DEBUG] Claims retrieved
{
  "userId": "69cd01b569a5d36d73c9aed3",
  "count": 0
}
---
[2026-04-01T11:37:40.907Z] [DEBUG] Claims retrieved
{
  "userId": "69cd01b569a5d36d73c9aed3",
  "count": 0
}
---
[2026-04-01T11:43:12.941Z] [DEBUG] Claims retrieved
{
  "userId": "69ba2ebd4834ce594366687b",
  "count": 11
}
---
[2026-04-01T11:43:13.353Z] [DEBUG] Claims retrieved
{
  "userId": "69ba2ebd4834ce594366687b",
  "count": 11
}
---
[2026-04-01T11:43:18.821Z] [DEBUG] Fetching current weather from API
{
  "city": "srinagar"
}
---
[2026-04-01T11:43:19.058Z] [DEBUG] Fetching current weather from API
{
  "city": "srinagar"
}
---
[2026-04-01T11:43:19.232Z] [INFO] Current weather fetched successfully
{
  "city": "srinagar",
  "temp": 17.1,
  "condition": "Clouds"
}
---
[2026-04-01T11:43:19.325Z] [INFO] Current weather fetched successfully
{
  "city": "srinagar",
  "temp": 17.1,
  "condition": "Clouds"
}
---
[2026-04-01T11:43:22.558Z] [DEBUG] Claims retrieved
{
  "userId": "69ba2ebd4834ce594366687b",
  "count": 11
}
---
[2026-04-01T11:43:22.649Z] [DEBUG] Claims retrieved
{
  "userId": "69ba2ebd4834ce594366687b",
  "count": 11
}
---
[2026-04-01T11:44:07.254Z] [DEBUG] Claims retrieved
{
  "userId": "69cd01b569a5d36d73c9aed3",
  "count": 0
}
---
[2026-04-01T11:44:07.353Z] [DEBUG] Claims retrieved
{
  "userId": "69cd01b569a5d36d73c9aed3",
  "count": 0
}
---
[2026-04-01T11:44:10.252Z] [INFO] Claim auto request received
{
  "userId": "69cd01b569a5d36d73c9aed3",
  "ip": "::1",
  "timestamp": "2026-04-01T11:44:10.252Z"
}
---
[2026-04-01T11:44:10.316Z] [DEBUG] Fetching current weather from API
{
  "city": "Guwahati"
}
---
[2026-04-01T11:44:10.551Z] [INFO] Current weather fetched successfully
{
  "city": "Guwahati",
  "temp": 26.95,
  "condition": "Haze"
}
---
[2026-04-01T11:44:10.658Z] [INFO] Claim eligibility evaluated
{
  "userId": "69cd01b569a5d36d73c9aed3",
  "city": "Guwahati",
  "rain": 0,
  "threshold": 5.1,
  "decision": "NOT_ELIGIBLE",
  "status": "none"
}
---
[2026-04-01T11:44:10.659Z] [INFO] Claim automation completed successfully
{
  "userId": "69cd01b569a5d36d73c9aed3",
  "city": "Guwahati",
  "rainMm": 0,
  "claimCreated": false
}
---
[2026-04-01T11:44:10.851Z] [DEBUG] Claims retrieved
{
  "userId": "69cd01b569a5d36d73c9aed3",
  "count": 0
}
---
[2026-04-01T11:44:13.039Z] [DEBUG] Weather cache hit
{
  "city": "Guwahati",
  "cached": true
}
---
[2026-04-01T11:44:13.285Z] [DEBUG] Weather cache hit
{
  "city": "Guwahati",
  "cached": true
}
---
[2026-04-01T11:44:15.966Z] [DEBUG] Claims retrieved
{
  "userId": "69cd01b569a5d36d73c9aed3",
  "count": 0
}
---
[2026-04-01T11:44:16.106Z] [DEBUG] Claims retrieved
{
  "userId": "69cd01b569a5d36d73c9aed3",
  "count": 0
}
---
[2026-04-01T11:44:24.583Z] [DEBUG] Fetching 5-day forecast from API
{
  "city": "Guwahati"
}
---
[2026-04-01T11:44:24.750Z] [INFO] 5-day forecast fetched successfully
{
  "city": "Guwahati",
  "forecastItems": 40
}
---
[2026-04-01T11:44:24.894Z] [DEBUG] Forecast cache hit
{
  "city": "Guwahati",
  "cached": true
}
---
[2026-04-01T11:44:25.026Z] [DEBUG] Claims retrieved
{
  "userId": "69cd01b569a5d36d73c9aed3",
  "count": 0
}
---
[2026-04-01T11:44:25.065Z] [DEBUG] Weather cache hit
{
  "city": "Guwahati",
  "cached": true
}
---
[2026-04-01T11:44:25.226Z] [DEBUG] Claims retrieved
{
  "userId": "69cd01b569a5d36d73c9aed3",
  "count": 0
}
---
[2026-04-01T11:44:25.228Z] [DEBUG] Weather cache hit
{
  "city": "Guwahati",
  "cached": true
}
---
[2026-04-01T11:44:25.231Z] [DEBUG] Weather cache hit
{
  "city": "Guwahati",
  "cached": true
}
---
[2026-04-01T11:44:25.283Z] [DEBUG] Weather cache hit
{
  "city": "Guwahati",
  "cached": true
}
---
[2026-04-01T11:44:25.284Z] [DEBUG] Forecast cache hit
{
  "city": "Guwahati",
  "cached": true
}
---
[2026-04-01T11:44:25.409Z] [DEBUG] Weather cache hit
{
  "city": "Guwahati",
  "cached": true
}
---
[2026-04-01T11:44:25.491Z] [DEBUG] Weather cache hit
{
  "city": "Guwahati",
  "cached": true
}
---
[2026-04-01T11:44:25.492Z] [DEBUG] Forecast cache hit
{
  "city": "Guwahati",
  "cached": true
}
---
[2026-04-01T11:44:28.765Z] [DEBUG] Claims retrieved
{
  "userId": "69cd01b569a5d36d73c9aed3",
  "count": 0
}
---
[2026-04-01T11:44:28.852Z] [DEBUG] Claims retrieved
{
  "userId": "69cd01b569a5d36d73c9aed3",
  "count": 0
}
---
[2026-04-01T11:44:31.089Z] [INFO] Claim auto request received
{
  "userId": "69cd01b569a5d36d73c9aed3",
  "ip": "::1",
  "timestamp": "2026-04-01T11:44:31.088Z"
}
---
[2026-04-01T11:44:31.154Z] [DEBUG] Weather cache hit
{
  "city": "Guwahati",
  "cached": true
}
---
[2026-04-01T11:44:31.330Z] [INFO] Claim eligibility evaluated
{
  "userId": "69cd01b569a5d36d73c9aed3",
  "city": "Guwahati",
  "rain": 0,
  "threshold": 5.1,
  "decision": "NOT_ELIGIBLE",
  "status": "none"
}
---
[2026-04-01T11:44:31.332Z] [INFO] Claim automation completed successfully
{
  "userId": "69cd01b569a5d36d73c9aed3",
  "city": "Guwahati",
  "rainMm": 0,
  "claimCreated": false
}
---
[2026-04-01T11:44:31.451Z] [DEBUG] Claims retrieved
{
  "userId": "69cd01b569a5d36d73c9aed3",
  "count": 0
}
---
[2026-04-01T11:44:33.825Z] [DEBUG] Forecast cache hit
{
  "city": "Guwahati",
  "cached": true
}
---
[2026-04-01T11:44:34.002Z] [DEBUG] Forecast cache hit
{
  "city": "Guwahati",
  "cached": true
}
---
[2026-04-01T11:44:34.105Z] [DEBUG] Claims retrieved
{
  "userId": "69cd01b569a5d36d73c9aed3",
  "count": 0
}
---
[2026-04-01T11:44:34.175Z] [DEBUG] Weather cache hit
{
  "city": "Guwahati",
  "cached": true
}
---
[2026-04-01T11:44:34.506Z] [DEBUG] Weather cache hit
{
  "city": "Guwahati",
  "cached": true
}
---
[2026-04-01T11:44:34.508Z] [DEBUG] Claims retrieved
{
  "userId": "69cd01b569a5d36d73c9aed3",
  "count": 0
}
---
[2026-04-01T11:44:34.513Z] [DEBUG] Weather cache hit
{
  "city": "Guwahati",
  "cached": true
}
---
[2026-04-01T11:44:34.671Z] [DEBUG] Weather cache hit
{
  "city": "Guwahati",
  "cached": true
}
---
[2026-04-01T11:44:34.671Z] [DEBUG] Forecast cache hit
{
  "city": "Guwahati",
  "cached": true
}
---
[2026-04-01T11:44:35.027Z] [DEBUG] Weather cache hit
{
  "city": "Guwahati",
  "cached": true
}
---
[2026-04-01T11:44:35.077Z] [DEBUG] Weather cache hit
{
  "city": "Guwahati",
  "cached": true
}
---
[2026-04-01T11:44:35.078Z] [DEBUG] Forecast cache hit
{
  "city": "Guwahati",
  "cached": true
}
---
[2026-04-01T11:44:45.803Z] [DEBUG] Forecast cache hit
{
  "city": "Guwahati",
  "cached": true
}
---
[2026-04-01T11:44:46.012Z] [DEBUG] Forecast cache hit
{
  "city": "Guwahati",
  "cached": true
}
---
[2026-04-01T11:44:46.142Z] [DEBUG] Claims retrieved
{
  "userId": "69cd01b569a5d36d73c9aed3",
  "count": 0
}
---
[2026-04-01T11:44:46.270Z] [DEBUG] Weather cache hit
{
  "city": "Guwahati",
  "cached": true
}
---
[2026-04-01T11:44:46.319Z] [DEBUG] Claims retrieved
{
  "userId": "69cd01b569a5d36d73c9aed3",
  "count": 0
}
---
[2026-04-01T11:44:46.444Z] [DEBUG] Weather cache hit
{
  "city": "Guwahati",
  "cached": true
}
---
[2026-04-01T11:44:46.522Z] [DEBUG] Weather cache hit
{
  "city": "Guwahati",
  "cached": true
}
---
[2026-04-01T11:44:46.597Z] [DEBUG] Weather cache hit
{
  "city": "Guwahati",
  "cached": true
}
---
[2026-04-01T11:44:46.597Z] [DEBUG] Forecast cache hit
{
  "city": "Guwahati",
  "cached": true
}
---
[2026-04-01T11:44:46.734Z] [DEBUG] Weather cache hit
{
  "city": "Guwahati",
  "cached": true
}
---
[2026-04-01T11:44:46.957Z] [DEBUG] Weather cache hit
{
  "city": "Guwahati",
  "cached": true
}
---
[2026-04-01T11:44:46.958Z] [DEBUG] Forecast cache hit
{
  "city": "Guwahati",
  "cached": true
}
---
[2026-04-01T11:44:48.752Z] [DEBUG] Claims retrieved
{
  "userId": "69cd01b569a5d36d73c9aed3",
  "count": 0
}
---
[2026-04-01T11:44:48.909Z] [DEBUG] Claims retrieved
{
  "userId": "69cd01b569a5d36d73c9aed3",
  "count": 0
}
---
[2026-04-01T11:44:50.745Z] [INFO] Claim auto request received
{
  "userId": "69cd01b569a5d36d73c9aed3",
  "ip": "::1",
  "timestamp": "2026-04-01T11:44:50.745Z"
}
---
[2026-04-01T11:44:50.786Z] [DEBUG] Weather cache hit
{
  "city": "Guwahati",
  "cached": true
}
---
[2026-04-01T11:44:50.902Z] [INFO] Claim eligibility evaluated
{
  "userId": "69cd01b569a5d36d73c9aed3",
  "city": "Guwahati",
  "rain": 0,
  "threshold": 5.1,
  "decision": "NOT_ELIGIBLE",
  "status": "none"
}
---
[2026-04-01T11:44:50.902Z] [INFO] Claim automation completed successfully
{
  "userId": "69cd01b569a5d36d73c9aed3",
  "city": "Guwahati",
  "rainMm": 0,
  "claimCreated": false
}
---
[2026-04-01T11:44:51.053Z] [DEBUG] Claims retrieved
{
  "userId": "69cd01b569a5d36d73c9aed3",
  "count": 0
}
---
[2026-04-01T11:44:55.061Z] [DEBUG] Weather cache hit
{
  "city": "Guwahati",
  "cached": true
}
---
[2026-04-01T11:44:55.506Z] [DEBUG] Weather cache hit
{
  "city": "Guwahati",
  "cached": true
}
---
[2026-04-01T11:44:57.938Z] [DEBUG] Claims retrieved
{
  "userId": "69cd01b569a5d36d73c9aed3",
  "count": 0
}
---
[2026-04-01T11:44:58.118Z] [DEBUG] Claims retrieved
{
  "userId": "69cd01b569a5d36d73c9aed3",
  "count": 0
}
---
[2026-04-01T15:37:08.179Z] [DEBUG] Fetching 5-day forecast from API
{
  "city": "Guwahati"
}
---
[2026-04-01T15:37:08.382Z] [INFO] 5-day forecast fetched successfully
{
  "city": "Guwahati",
  "forecastItems": 40
}
---
[2026-04-01T15:37:08.601Z] [DEBUG] Forecast cache hit
{
  "city": "Guwahati",
  "cached": true
}
---
[2026-04-01T15:37:08.789Z] [DEBUG] Claims retrieved
{
  "userId": "69cd01b569a5d36d73c9aed3",
  "count": 0
}
---
[2026-04-01T15:37:08.850Z] [DEBUG] Fetching current weather from API
{
  "city": "Guwahati"
}
---
[2026-04-01T15:37:08.926Z] [INFO] Current weather fetched successfully
{
  "city": "Guwahati",
  "temp": 22.81,
  "condition": "Rain"
}
---
[2026-04-01T15:37:08.974Z] [DEBUG] Claims retrieved
{
  "userId": "69cd01b569a5d36d73c9aed3",
  "count": 0
}
---
[2026-04-01T15:37:09.053Z] [DEBUG] Weather cache hit
{
  "city": "Guwahati",
  "cached": true
}
---
[2026-04-01T15:37:09.111Z] [DEBUG] Weather cache hit
{
  "city": "Guwahati",
  "cached": true
}
---
[2026-04-01T15:37:09.185Z] [DEBUG] Weather cache hit
{
  "city": "Guwahati",
  "cached": true
}
---
[2026-04-01T15:37:09.186Z] [DEBUG] Forecast cache hit
{
  "city": "Guwahati",
  "cached": true
}
---
[2026-04-01T15:37:09.266Z] [DEBUG] Weather cache hit
{
  "city": "Guwahati",
  "cached": true
}
---
[2026-04-01T15:37:09.359Z] [DEBUG] Weather cache hit
{
  "city": "Guwahati",
  "cached": true
}
---
[2026-04-01T15:37:09.360Z] [DEBUG] Forecast cache hit
{
  "city": "Guwahati",
  "cached": true
}
---
[2026-04-01T15:37:12.313Z] [DEBUG] Claims retrieved
{
  "userId": "69cd01b569a5d36d73c9aed3",
  "count": 0
}
---
[2026-04-01T15:37:12.435Z] [DEBUG] Claims retrieved
{
  "userId": "69cd01b569a5d36d73c9aed3",
  "count": 0
}
---
[2026-04-01T15:37:15.940Z] [DEBUG] Weather cache hit
{
  "city": "Guwahati",
  "cached": true
}
---
[2026-04-01T15:37:16.076Z] [DEBUG] Weather cache hit
{
  "city": "Guwahati",
  "cached": true
}
---
[2026-04-01T15:37:34.975Z] [DEBUG] Fetching 5-day forecast from API
{
  "city": "srinagar"
}
---
[2026-04-01T15:37:35.200Z] [INFO] 5-day forecast fetched successfully
{
  "city": "srinagar",
  "forecastItems": 40
}
---
[2026-04-01T15:37:35.384Z] [DEBUG] Forecast cache hit
{
  "city": "srinagar",
  "cached": true
}
---
[2026-04-01T15:37:35.458Z] [DEBUG] Claims retrieved
{
  "userId": "69ba2ebd4834ce594366687b",
  "count": 11
}
---
[2026-04-01T15:37:35.475Z] [DEBUG] Fetching current weather from API
{
  "city": "srinagar"
}
---
[2026-04-01T15:37:35.533Z] [INFO] Current weather fetched successfully
{
  "city": "srinagar",
  "temp": 14.16,
  "condition": "Clouds"
}
---
[2026-04-01T15:37:35.673Z] [DEBUG] Claims retrieved
{
  "userId": "69ba2ebd4834ce594366687b",
  "count": 11
}
---
[2026-04-01T15:37:35.744Z] [DEBUG] Weather cache hit
{
  "city": "srinagar",
  "cached": true
}
---
[2026-04-01T15:37:35.908Z] [DEBUG] Weather cache hit
{
  "city": "srinagar",
  "cached": true
}
---
[2026-04-01T15:37:36.029Z] [DEBUG] Weather cache hit
{
  "city": "srinagar",
  "cached": true
}
---
[2026-04-01T15:37:36.030Z] [DEBUG] Forecast cache hit
{
  "city": "srinagar",
  "cached": true
}
---
[2026-04-01T15:37:36.074Z] [DEBUG] Weather cache hit
{
  "city": "srinagar",
  "cached": true
}
---
[2026-04-01T15:37:36.150Z] [DEBUG] Weather cache hit
{
  "city": "srinagar",
  "cached": true
}
---
[2026-04-01T15:37:36.151Z] [DEBUG] Forecast cache hit
{
  "city": "srinagar",
  "cached": true
}
---
[2026-04-01T15:37:45.438Z] [DEBUG] Claims retrieved
{
  "userId": "69ba2ebd4834ce594366687b",
  "count": 11
}
---
[2026-04-01T15:37:45.548Z] [DEBUG] Claims retrieved
{
  "userId": "69ba2ebd4834ce594366687b",
  "count": 11
}
---
[2026-04-01T15:37:54.619Z] [DEBUG] Claims retrieved
{
  "userId": "69ba2ebd4834ce594366687b",
  "count": 11
}
---
[2026-04-01T15:37:54.815Z] [DEBUG] Claims retrieved
{
  "userId": "69ba2ebd4834ce594366687b",
  "count": 11
}
---
